Archive member included to satisfy reference by file (symbol)

C:/devkitPro/libctru/lib\libcitro2d.a(base.o)
                              main.o (C2D_Init)
C:/devkitPro/libctru/lib\libcitro2d.a(text.o)
                              main.o (C2D_TextBufNew)
C:/devkitPro/libctru/lib\libcitro2d.a(spritesheet.o)
                              main.o (C2D_SpriteSheetLoad)
C:/devkitPro/libctru/lib\libcitro2d.a(font.o)
                              C:/devkitPro/libctru/lib\libcitro2d.a(text.o) (C2D_FontGlyphIndexFromCodePoint)
C:/devkitPro/libctru/lib\libcitro2d.a(render2d.shbin.o)
                              C:/devkitPro/libctru/lib\libcitro2d.a(base.o) (render2d_shbin)
C:/devkitPro/libctru/lib\libcitro3d.a(base.o)
                              main.o (C3D_Init)
C:/devkitPro/libctru/lib\libcitro3d.a(renderqueue.o)
                              C:/devkitPro/libctru/lib\libcitro3d.a(base.o) (C3Di_RenderQueueEnableVBlank)
C:/devkitPro/libctru/lib\libcitro3d.a(texture.o)
                              C:/devkitPro/libctru/lib\libcitro2d.a(base.o) (C3D_TexBind)
C:/devkitPro/libctru/lib\libcitro3d.a(tex3ds.o)
                              C:/devkitPro/libctru/lib\libcitro2d.a(spritesheet.o) (Tex3DS_TextureImport)
C:/devkitPro/libctru/lib\libcitro3d.a(framebuffer.o)
                              C:/devkitPro/libctru/lib\libcitro3d.a(renderqueue.o) (C3D_CalcColorBufSize)
C:/devkitPro/libctru/lib\libcitro3d.a(texenv.o)
                              C:/devkitPro/libctru/lib\libcitro2d.a(base.o) (C3D_GetTexEnv)
C:/devkitPro/libctru/lib\libcitro3d.a(drawElements.o)
                              C:/devkitPro/libctru/lib\libcitro2d.a(base.o) (C3D_DrawElements)
C:/devkitPro/libctru/lib\libcitro3d.a(proctex.o)
                              C:/devkitPro/libctru/lib\libcitro2d.a(base.o) (C3D_ProcTexInit)
C:/devkitPro/libctru/lib\libcitro3d.a(buffers.o)
                              C:/devkitPro/libctru/lib\libcitro2d.a(base.o) (BufInfo_Init)
C:/devkitPro/libctru/lib\libcitro3d.a(effect.o)
                              C:/devkitPro/libctru/lib\libcitro3d.a(base.o) (C3D_DepthMap)
C:/devkitPro/libctru/lib\libcitro3d.a(attribs.o)
                              C:/devkitPro/libctru/lib\libcitro2d.a(base.o) (AttrInfo_Init)
C:/devkitPro/libctru/lib\libcitro3d.a(immediate.o)
                              C:/devkitPro/libctru/lib\libcitro3d.a(base.o) (C3D_ImmSendAttrib)
C:/devkitPro/libctru/lib\libcitro3d.a(uniforms.o)
                              C:/devkitPro/libctru/lib\libcitro3d.a(base.o) (C3D_UpdateUniforms)
C:/devkitPro/libctru/lib\libcitro3d.a(mtx_ortho.o)
                              C:/devkitPro/libctru/lib\libcitro2d.a(base.o) (Mtx_Ortho)
C:/devkitPro/libctru/lib\libcitro3d.a(mtx_scale.o)
                              C:/devkitPro/libctru/lib\libcitro2d.a(base.o) (Mtx_Scale)
C:/devkitPro/libctru/lib\libcitro3d.a(mtx_multiply.o)
                              C:/devkitPro/libctru/lib\libcitro2d.a(base.o) (Mtx_Multiply)
C:/devkitPro/libctru/lib\libcitro3d.a(mtx_orthotilt.o)
                              C:/devkitPro/libctru/lib\libcitro2d.a(base.o) (Mtx_OrthoTilt)
C:/devkitPro/libctru/lib\libcitro3d.a(mtx_translate.o)
                              C:/devkitPro/libctru/lib\libcitro2d.a(base.o) (Mtx_Translate)
C:/devkitPro/libctru/lib\libcitro3d.a(mtx_rotatez.o)
                              C:/devkitPro/libctru/lib\libcitro2d.a(base.o) (Mtx_RotateZ)
C:/devkitPro/libctru/lib\libctru.a(vram.o)
                              C:/devkitPro/libctru/lib\libcitro3d.a(renderqueue.o) (vramAlloc)
C:/devkitPro/libctru/lib\libctru.a(linear.o)
                              C:/devkitPro/libctru/lib\libcitro2d.a(base.o) (linearAlloc)
C:/devkitPro/libctru/lib\libctru.a(mem_pool.o)
                              C:/devkitPro/libctru/lib\libctru.a(vram.o) (MemPool::Allocate(MemChunk&, unsigned long, int))
C:/devkitPro/libctru/lib\libctru.a(romfs_dev.o)
                              main.o (romfsMountSelf)
C:/devkitPro/libctru/lib\libctru.a(os.o)
                              C:/devkitPro/libctru/lib\libcitro3d.a(texture.o) (osConvertVirtToPhys)
C:/devkitPro/libctru/lib\libctru.a(path_buf.o)
                              C:/devkitPro/libctru/lib\libctru.a(romfs_dev.o) (__ctru_dev_utf16_buf)
C:/devkitPro/libctru/lib\libctru.a(font.o)
                              C:/devkitPro/libctru/lib\libcitro2d.a(text.o) (fontEnsureMapped)
C:/devkitPro/libctru/lib\libctru.a(gfx.o)
                              C:/devkitPro/libctru/lib\libcitro2d.a(base.o) (gfxIsWide)
C:/devkitPro/libctru/lib\libctru.a(shaderProgram.o)
                              C:/devkitPro/libctru/lib\libcitro2d.a(base.o) (shaderInstanceGetUniformLocation)
C:/devkitPro/libctru/lib\libctru.a(shbin.o)
                              C:/devkitPro/libctru/lib\libcitro2d.a(base.o) (DVLB_ParseFile)
C:/devkitPro/libctru/lib\libctru.a(gx.o)
[...]
Memory Configuration

Name             Origin             Length             Attributes
*default*        0x0000000000000000 0xffffffffffffffff

Linker script and memory map

                0x0000000000100000                PROVIDE (__start__ = 0x100000)
                0x0000000000100000                . = __start__

.text           0x0000000000100000    0x2deb8
 *(.crt0)
 .crt0          0x0000000000100000       0x94 c:/devkitpro/devkitarm/bin/../lib/gcc/arm-none-eabi/12.1.0/../../../../arm-none-eabi/lib/armv6k/fpu/3dsx_crt0.o
                0x0000000000100000                _start
                0x0000000000100008                __service_ptr
                0x000000000010000c                __apt_appid
                0x0000000000100010                __heap_size
                0x0000000000100014                __linear_heap_size
                0x0000000000100018                __system_arglist
                0x000000000010001c                __system_runflags
 *(.init)
 .init          0x0000000000100094        0xc c:/devkitpro/devkitarm/bin/../lib/gcc/arm-none-eabi/12.1.0/armv6k/fpu/crti.o
                0x0000000000100094                _init
 .init          0x00000000001000a0        0xc c:/devkitpro/devkitarm/bin/../lib/gcc/arm-none-eabi/12.1.0/armv6k/fpu/crtn.o
                0x00000000001000ac                . = ALIGN (0x4)
 *(.text)
 .text          0x00000000001000ac      0x20c c:/devkitpro/devkitarm/bin/../lib/gcc/arm-none-eabi/12.1.0/armv6k/fpu\libgcc.a(_udivsi3.o)
                0x00000000001000ac                __aeabi_uidiv
                0x00000000001000ac                __udivsi3
                0x0000000000100298                __aeabi_uidivmod
 .text          0x00000000001002b8      0x240 c:/devkitpro/devkitarm/bin/../lib/gcc/arm-none-eabi/12.1.0/armv6k/fpu\libgcc.a(_divsi3.o)
                0x00000000001002b8                __divsi3
                0x00000000001002b8                __aeabi_idiv
                0x00000000001004d8                __aeabi_idivmod
 .text          0x00000000001004f8        0x4 c:/devkitpro/devkitarm/bin/../lib/gcc/arm-none-eabi/12.1.0/armv6k/fpu\libgcc.a(_dvmd_tls.o)
                0x00000000001004f8                __aeabi_idiv0
                0x00000000001004f8                __aeabi_ldiv0
 .text          0x00000000001004fc      0x3c0 c:/devkitpro/devkitarm/bin/../lib/gcc/arm-none-eabi/12.1.0/armv6k/fpu\libgcc.a(_arm_addsubdf3.o)
                0x00000000001004fc                __aeabi_drsub
                0x0000000000100504                __aeabi_dsub
                0x0000000000100504                __subdf3
                0x0000000000100508                __aeabi_dadd
                0x0000000000100508                __adddf3
                0x00000000001007b4                __floatunsidf
                0x00000000001007b4                __aeabi_ui2d
                0x00000000001007d8                __floatsidf
                0x00000000001007d8                __aeabi_i2d
                0x0000000000100800                __aeabi_f2d
                0x0000000000100800                __extendsfdf2
                0x0000000000100848                __floatundidf
                0x0000000000100848                __aeabi_ul2d
                0x000000000010085c                __floatdidf
                0x000000000010085c                __aeabi_l2d
 .text          0x00000000001008bc       0xd4 c:/devkitpro/devkitarm/bin/../lib/gcc/arm-none-eabi/12.1.0/armv6k/fpu\libgcc.a(_aeabi_ldivmod.o)
                0x00000000001008bc                __aeabi_ldivmod
 .text          0x0000000000100990       0x3c c:/devkitpro/devkitarm/bin/../lib/gcc/arm-none-eabi/12.1.0/armv6k/fpu\libgcc.a(_aeabi_uldivmod.o)
                0x0000000000100990                __aeabi_uldivmod
 *fill*         0x00000000001009cc       0x14 
 .text          0x00000000001009e0      0x390 c:/devkitpro/devkitarm/bin/../lib/gcc/arm-none-eabi/12.1.0/../../../../arm-none-eabi/lib/armv6k/fpu\libg.a(lib_a-strcmp.o)
                0x00000000001009e8                strcmp
 *(.text.*)
 .text.__do_global_dtors_aux
                0x0000000000100d70       0x40 c:/devkitpro/devkitarm/bin/../lib/gcc/arm-none-eabi/12.1.0/armv6k/fpu/crtbegin.o
 .text.frame_dummy
                0x0000000000100db0       0x2c c:/devkitpro/devkitarm/bin/../lib/gcc/arm-none-eabi/12.1.0/armv6k/fpu/crtbegin.o
 .text.strcatToConnConsole
                0x0000000000100ddc       0x90 main.o
 .text.dynamicTextCreate
                0x0000000000100e6c       0x38 main.o
 .text.recvCompleteMessageFromSockTobuf
                0x0000000000100ea4       0xc4 main.o
 .text.drawConnConsole
                0x0000000000100f68      0x174 main.o
 .text.sendMessageViaSocket
                0x00000000001010dc       0xb8 main.o
 .text.fetchAndHandleControlList
                0x0000000000101194      0x18c main.o
                0x0000000000101194                fetchAndHandleControlList
 .text.fetchAndHandleLocoName
                0x0000000000101320       0xe4 main.o
                0x0000000000101320                fetchAndHandleLocoName
 .text.returnCVCentre
                0x0000000000101404       0x6c main.o
                0x0000000000101404                returnCVCentre
 .text.handleSettingCVForCurrentStruct
                0x0000000000101470      0x108 main.o
                0x0000000000101470                handleSettingCVForCurrentStruct
 .text.startup.main
                0x0000000000101578     0x366c main.o
                0x0000000000101578                main
 .text.C2Di_FrameEndHook
                0x0000000000104be4       0x44 C:/devkitPro/libctru/lib\libcitro2d.a(base.o)
 .text.C2D_Init
                0x0000000000104c28      0x36c C:/devkitPro/libctru/lib\libcitro2d.a(base.o)
                0x0000000000104c28                C2D_Init
 .text.C2D_Fini
                0x0000000000104f94       0x4c C:/devkitPro/libctru/lib\libcitro2d.a(base.o)
                0x0000000000104f94                C2D_Fini
 .text.C2D_Prepare
                0x0000000000104fe0       0xb8 C:/devkitPro/libctru/lib\libcitro2d.a(base.o)
                0x0000000000104fe0                C2D_Prepare
 .text.C2D_Flush
                0x0000000000105098       0x48 C:/devkitPro/libctru/lib\libcitro2d.a(base.o)
                0x0000000000105098                C2D_Flush
 .text.C2D_SceneSize
                0x00000000001050e0      0x104 C:/devkitPro/libctru/lib\libcitro2d.a(base.o)
                0x00000000001050e0                C2D_SceneSize
 .text.C2D_CreateScreenTarget
                0x00000000001051e4       0x58 C:/devkitPro/libctru/lib\libcitro2d.a(base.o)
                0x00000000001051e4                C2D_CreateScreenTarget
 .text.C2D_TargetClear
                0x000000000010523c       0x64 C:/devkitPro/libctru/lib\libcitro2d.a(base.o)
                0x000000000010523c                C2D_TargetClear
 .text.C2Di_CalcQuad
                0x00000000001052a0      0x13c C:/devkitPro/libctru/lib\libcitro2d.a(base.o)
                0x00000000001052a0                C2Di_CalcQuad
 .text.C2Di_AppendQuad
                0x00000000001053dc       0x58 C:/devkitPro/libctru/lib\libcitro2d.a(base.o)
                0x00000000001053dc                C2Di_AppendQuad
 .text.C2Di_AppendVtx
                0x0000000000105434       0x40 C:/devkitPro/libctru/lib\libcitro2d.a(base.o)
                0x0000000000105434                C2Di_AppendVtx
 .text.C2Di_Update
                0x0000000000105474      0x550 C:/devkitPro/libctru/lib\libcitro2d.a(base.o)
                0x0000000000105474                C2Di_Update
 .text.C2D_DrawImage
                0x00000000001059c4      0x2b0 C:/devkitPro/libctru/lib\libcitro2d.a(base.o)
                0x00000000001059c4                C2D_DrawImage
 .text.C2D_DrawRectangle
                0x0000000000105c74      0x158 C:/devkitPro/libctru/lib\libcitro2d.a(base.o)
                0x0000000000105c74                C2D_DrawRectangle
 .text.C2Di_GlyphComp
                0x0000000000105dcc       0x18 C:/devkitPro/libctru/lib\libcitro2d.a(text.o)
 .text.C2Di_CalcLineWidths
                0x0000000000105de4      0x140 C:/devkitPro/libctru/lib\libcitro2d.a(text.o)
 .text.C2D_TextBufNew
                0x0000000000105f24      0x1dc C:/devkitPro/libctru/lib\libcitro2d.a(text.o)
                0x0000000000105f24                C2D_TextBufNew
 .text.C2D_TextBufClear
                0x0000000000106100        0xc C:/devkitPro/libctru/lib\libcitro2d.a(text.o)
                0x0000000000106100                C2D_TextBufClear
 .text.C2D_TextFontParseLine
                0x000000000010610c      0x1c8 C:/devkitPro/libctru/lib\libcitro2d.a(text.o)
                0x000000000010610c                C2D_TextFontParseLine
 .text.C2D_TextFontParse
                0x00000000001062d4       0xa8 C:/devkitPro/libctru/lib\libcitro2d.a(text.o)
                0x00000000001062d4                C2D_TextFontParse
 .text.C2D_TextParse
                0x000000000010637c       0x14 C:/devkitPro/libctru/lib\libcitro2d.a(text.o)
                0x000000000010637c                C2D_TextParse
 .text.C2D_TextOptimize
                0x0000000000106390       0x30 C:/devkitPro/libctru/lib\libcitro2d.a(text.o)
                0x0000000000106390                C2D_TextOptimize
 .text.C2D_DrawText
                0x00000000001063c0      0xf6c C:/devkitPro/libctru/lib\libcitro2d.a(text.o)
                0x00000000001063c0                C2D_DrawText
 .text.C2D_SpriteSheetLoadFromHandle
                0x000000000010732c       0x6c C:/devkitPro/libctru/lib\libcitro2d.a(spritesheet.o)
                0x000000000010732c                C2D_SpriteSheetLoadFromHandle
 .text.C2D_SpriteSheetLoad
                0x0000000000107398       0x48 C:/devkitPro/libctru/lib\libcitro2d.a(spritesheet.o)
                0x0000000000107398                C2D_SpriteSheetLoad
 .text.C2D_SpriteSheetFree
                0x00000000001073e0       0x28 C:/devkitPro/libctru/lib\libcitro2d.a(spritesheet.o)
                0x00000000001073e0                C2D_SpriteSheetFree
 .text.C2D_SpriteSheetGetImage
                0x0000000000107408       0x2c C:/devkitPro/libctru/lib\libcitro2d.a(spritesheet.o)
                0x0000000000107408                C2D_SpriteSheetGetImage
 .text.C2D_FontGlyphIndexFromCodePoint
                0x0000000000107434       0x44 C:/devkitPro/libctru/lib\libcitro2d.a(font.o)
                0x0000000000107434                C2D_FontGlyphIndexFromCodePoint
 .text.C2D_FontCalcGlyphPos
                0x0000000000107478       0x78 C:/devkitPro/libctru/lib\libcitro2d.a(font.o)
                0x0000000000107478                C2D_FontCalcGlyphPos
 .text.C3Di_LightEnvUpdate
                0x00000000001074f0        0x4 C:/devkitPro/libctru/lib\libcitro3d.a(base.o)
                0x00000000001074f0                C3Di_LightEnvUpdate
 .text.C3Di_LightEnvDirty
                0x00000000001074f4        0x4 C:/devkitPro/libctru/lib\libcitro3d.a(base.o)
                0x00000000001074f4                C3Di_LightEnvDirty
 .text.C3Di_AptEventHook
                0x00000000001074f8       0xb4 C:/devkitPro/libctru/lib\libcitro3d.a(base.o)
 .text.C3Di_GasUpdate
                0x00000000001075ac        0x4 C:/devkitPro/libctru/lib\libcitro3d.a(base.o)
                0x00000000001075ac                C3Di_GasUpdate
 .text.C3D_Init
                0x00000000001075b0      0x1e0 C:/devkitPro/libctru/lib\libcitro3d.a(base.o)
                0x00000000001075b0                C3D_Init
 .text.C3D_SetViewport
                0x0000000000107790       0x98 C:/devkitPro/libctru/lib\libcitro3d.a(base.o)
                0x0000000000107790                C3D_SetViewport
 .text.C3Di_UpdateContext
                0x0000000000107828      0x4e8 C:/devkitPro/libctru/lib\libcitro3d.a(base.o)
                0x0000000000107828                C3Di_UpdateContext
 .text.C3Di_SplitFrame
                0x0000000000107d10       0xe0 C:/devkitPro/libctru/lib\libcitro3d.a(base.o)
                0x0000000000107d10                C3Di_SplitFrame
 .text.C3D_Fini
                0x0000000000107df0       0x44 C:/devkitPro/libctru/lib\libcitro3d.a(base.o)
                0x0000000000107df0                C3D_Fini
 .text.C3D_BindProgram
                0x0000000000107e34      0x114 C:/devkitPro/libctru/lib\libcitro3d.a(base.o)
                0x0000000000107e34                C3D_BindProgram
 .text.onVBlank0
                0x0000000000107f48       0x4c C:/devkitPro/libctru/lib\libcitro3d.a(renderqueue.o)
 .text.onVBlank1
                0x0000000000107f94       0x4c C:/devkitPro/libctru/lib\libcitro3d.a(renderqueue.o)
 .text.C3Di_RenderTargetDestroy
                0x0000000000107fe0       0x80 C:/devkitPro/libctru/lib\libcitro3d.a(renderqueue.o)
 .text.onQueueFinish
                0x0000000000108060       0xf4 C:/devkitPro/libctru/lib\libcitro3d.a(renderqueue.o)
 .text.C3Di_RenderQueueEnableVBlank
                0x0000000000108154       0x38 C:/devkitPro/libctru/lib\libcitro3d.a(renderqueue.o)
                0x0000000000108154                C3Di_RenderQueueEnableVBlank
 .text.C3Di_RenderQueueDisableVBlank
                0x000000000010818c       0x30 C:/devkitPro/libctru/lib\libcitro3d.a(renderqueue.o)
                0x000000000010818c                C3Di_RenderQueueDisableVBlank
 .text.C3Di_RenderQueueInit
                0x00000000001081bc       0x60 C:/devkitPro/libctru/lib\libcitro3d.a(renderqueue.o)
                0x00000000001081bc                C3Di_RenderQueueInit
 .text.C3Di_RenderQueueExit
                0x000000000010821c       0xb0 C:/devkitPro/libctru/lib\libcitro3d.a(renderqueue.o)
                0x000000000010821c                C3Di_RenderQueueExit
 .text.C3Di_RenderQueueWaitDone
                0x00000000001082cc       0x34 C:/devkitPro/libctru/lib\libcitro3d.a(renderqueue.o)
                0x00000000001082cc                C3Di_RenderQueueWaitDone
 .text.C3D_FrameBegin
                0x0000000000108300       0xe4 C:/devkitPro/libctru/lib\libcitro3d.a(renderqueue.o)
                0x0000000000108300                C3D_FrameBegin
 .text.C3D_FrameDrawOn
                0x00000000001083e4       0x48 C:/devkitPro/libctru/lib\libcitro3d.a(renderqueue.o)
                0x00000000001083e4                C3D_FrameDrawOn
 .text.C3D_FrameSplit
                0x000000000010842c       0x58 C:/devkitPro/libctru/lib\libcitro3d.a(renderqueue.o)
                0x000000000010842c                C3D_FrameSplit
 .text.C3D_FrameEnd
                0x0000000000108484      0x1d8 C:/devkitPro/libctru/lib\libcitro3d.a(renderqueue.o)
                0x0000000000108484                C3D_FrameEnd
 .text.C3D_FrameEndHook
                0x000000000010865c       0x1c C:/devkitPro/libctru/lib\libcitro3d.a(renderqueue.o)
                0x000000000010865c                C3D_FrameEndHook
 .text.C3D_RenderTargetCreate
                0x0000000000108678      0x184 C:/devkitPro/libctru/lib\libcitro3d.a(renderqueue.o)
                0x0000000000108678                C3D_RenderTargetCreate
 .text.C3D_RenderTargetSetOutput
                0x00000000001087fc       0xa8 C:/devkitPro/libctru/lib\libcitro3d.a(renderqueue.o)
                0x00000000001087fc                C3D_RenderTargetSetOutput
 .text.C3D_SyncTextureCopy
                0x00000000001088a4       0xfc C:/devkitPro/libctru/lib\libcitro3d.a(renderqueue.o)
                0x00000000001088a4                C3D_SyncTextureCopy
 .text.C3D_TexInitWithParams
                0x00000000001089a0      0x294 C:/devkitPro/libctru/lib\libcitro3d.a(texture.o)
                0x00000000001089a0                C3D_TexInitWithParams
 .text.C3D_TexLoadImage
                0x0000000000108c34       0xc8 C:/devkitPro/libctru/lib\libcitro3d.a(texture.o)
                0x0000000000108c34                C3D_TexLoadImage
 .text.C3D_TexBind
                0x0000000000108cfc       0x44 C:/devkitPro/libctru/lib\libcitro3d.a(texture.o)
                0x0000000000108cfc                C3D_TexBind
 .text.C3D_TexDelete
                0x0000000000108d40       0x74 C:/devkitPro/libctru/lib\libcitro3d.a(texture.o)
                0x0000000000108d40                C3D_TexDelete
 .text.C3Di_SetTex
                0x0000000000108db4      0x16c C:/devkitPro/libctru/lib\libcitro3d.a(texture.o)
                0x0000000000108db4                C3Di_SetTex
 .text.Tex3DSi_ImportCommon
                0x0000000000108f20      0x3f4 C:/devkitPro/libctru/lib\libcitro3d.a(tex3ds.o)
 .text.Tex3DS_TextureImportStdio
                0x0000000000109314       0x38 C:/devkitPro/libctru/lib\libcitro3d.a(tex3ds.o)
                0x0000000000109314                Tex3DS_TextureImportStdio
 .text.Tex3DS_GetSubTexture
                0x000000000010934c       0x1c C:/devkitPro/libctru/lib\libcitro3d.a(tex3ds.o)
                0x000000000010934c                Tex3DS_GetSubTexture
 .text.Tex3DS_TextureFree
                0x0000000000109368        0x4 C:/devkitPro/libctru/lib\libcitro3d.a(tex3ds.o)
                0x0000000000109368                Tex3DS_TextureFree
 .text.C3D_CalcColorBufSize
                0x000000000010936c       0x1c C:/devkitPro/libctru/lib\libcitro3d.a(framebuffer.o)
                0x000000000010936c                C3D_CalcColorBufSize
 .text.C3D_CalcDepthBufSize
                0x0000000000109388       0x1c C:/devkitPro/libctru/lib\libcitro3d.a(framebuffer.o)
                0x0000000000109388                C3D_CalcDepthBufSize
 .text.C3D_SetFrameBuf
                0x00000000001093a4       0x44 C:/devkitPro/libctru/lib\libcitro3d.a(framebuffer.o)
                0x00000000001093a4                C3D_SetFrameBuf
 .text.C3Di_FrameBufBind
                0x00000000001093e8      0x16c C:/devkitPro/libctru/lib\libcitro3d.a(framebuffer.o)
                0x00000000001093e8                C3Di_FrameBufBind
 .text.C3D_FrameBufClear
                0x0000000000109554       0xc8 C:/devkitPro/libctru/lib\libcitro3d.a(framebuffer.o)
                0x0000000000109554                C3D_FrameBufClear
 .text.C3D_FrameBufTransfer
                0x000000000010961c       0x44 C:/devkitPro/libctru/lib\libcitro3d.a(framebuffer.o)
                0x000000000010961c                C3D_FrameBufTransfer
 .text.C3D_GetTexEnv
                0x0000000000109660       0x34 C:/devkitPro/libctru/lib\libcitro3d.a(texenv.o)
                0x0000000000109660                C3D_GetTexEnv
 .text.C3Di_TexEnvBind
                0x0000000000109694       0x24 C:/devkitPro/libctru/lib\libcitro3d.a(texenv.o)
                0x0000000000109694                C3Di_TexEnvBind
 .text.C3D_DrawElements
                0x00000000001096b8      0x218 C:/devkitPro/libctru/lib\libcitro3d.a(drawElements.o)
                0x00000000001096b8                C3D_DrawElements
 .text.C3D_ProcTexInit
                0x00000000001098d0       0x70 C:/devkitPro/libctru/lib\libcitro3d.a(proctex.o)
                0x00000000001098d0                C3D_ProcTexInit
 .text.C3D_ProcTexBind
                0x0000000000109940       0x54 C:/devkitPro/libctru/lib\libcitro3d.a(proctex.o)
                0x0000000000109940                C3D_ProcTexBind
 .text.C3D_ProcTexLutBind
                0x0000000000109994       0x5c C:/devkitPro/libctru/lib\libcitro3d.a(proctex.o)
                0x0000000000109994                C3D_ProcTexLutBind
 .text.ProcTexLut_FromArray
                0x00000000001099f0       0xa4 C:/devkitPro/libctru/lib\libcitro3d.a(proctex.o)
                0x00000000001099f0                ProcTexLut_FromArray
 .text.C3Di_ProcTexUpdate
                0x0000000000109a94      0x17c C:/devkitPro/libctru/lib\libcitro3d.a(proctex.o)
                0x0000000000109a94                C3Di_ProcTexUpdate
 .text.C3Di_ProcTexDirty
                0x0000000000109c10       0x68 C:/devkitPro/libctru/lib\libcitro3d.a(proctex.o)
                0x0000000000109c10                C3Di_ProcTexDirty
 .text.BufInfo_Init
                0x0000000000109c78       0x24 C:/devkitPro/libctru/lib\libcitro3d.a(buffers.o)
                0x0000000000109c78                BufInfo_Init
 .text.BufInfo_Add
                0x0000000000109c9c       0x80 C:/devkitPro/libctru/lib\libcitro3d.a(buffers.o)
                0x0000000000109c9c                BufInfo_Add
 .text.C3D_SetBufInfo
                0x0000000000109d1c       0x40 C:/devkitPro/libctru/lib\libcitro3d.a(buffers.o)
                0x0000000000109d1c                C3D_SetBufInfo
 .text.C3Di_BufInfoBind
                0x0000000000109d5c       0x48 C:/devkitPro/libctru/lib\libcitro3d.a(buffers.o)
                0x0000000000109d5c                C3Di_BufInfoBind
 .text.C3D_DepthMap
                0x0000000000109da4       0x40 C:/devkitPro/libctru/lib\libcitro3d.a(effect.o)
                0x0000000000109da4                C3D_DepthMap
 .text.C3D_CullFace
                0x0000000000109de4       0x1c C:/devkitPro/libctru/lib\libcitro3d.a(effect.o)
                0x0000000000109de4                C3D_CullFace
 .text.C3D_StencilTest
                0x0000000000109e00       0x40 C:/devkitPro/libctru/lib\libcitro3d.a(effect.o)
                0x0000000000109e00                C3D_StencilTest
 .text.C3D_StencilOp
                0x0000000000109e40       0x24 C:/devkitPro/libctru/lib\libcitro3d.a(effect.o)
                0x0000000000109e40                C3D_StencilOp
 .text.C3D_BlendingColor
                0x0000000000109e64       0x1c C:/devkitPro/libctru/lib\libcitro3d.a(effect.o)
                0x0000000000109e64                C3D_BlendingColor
 .text.C3D_EarlyDepthTest
                0x0000000000109e80       0x24 C:/devkitPro/libctru/lib\libcitro3d.a(effect.o)
                0x0000000000109e80                C3D_EarlyDepthTest
 .text.C3D_DepthTest
                0x0000000000109ea4       0x2c C:/devkitPro/libctru/lib\libcitro3d.a(effect.o)
                0x0000000000109ea4                C3D_DepthTest
 .text.C3D_AlphaTest
                0x0000000000109ed0       0x2c C:/devkitPro/libctru/lib\libcitro3d.a(effect.o)
                0x0000000000109ed0                C3D_AlphaTest
 .text.C3D_AlphaBlend
                0x0000000000109efc       0x50 C:/devkitPro/libctru/lib\libcitro3d.a(effect.o)
                0x0000000000109efc                C3D_AlphaBlend
 .text.C3D_FragOpMode
                0x0000000000109f4c       0x30 C:/devkitPro/libctru/lib\libcitro3d.a(effect.o)
                0x0000000000109f4c                C3D_FragOpMode
 .text.C3D_FragOpShadow
                0x0000000000109f7c       0x44 C:/devkitPro/libctru/lib\libcitro3d.a(effect.o)
                0x0000000000109f7c                C3D_FragOpShadow
 .text.C3Di_EffectBind
                0x0000000000109fc0      0x1ac C:/devkitPro/libctru/lib\libcitro3d.a(effect.o)
                0x0000000000109fc0                C3Di_EffectBind
 .text.AttrInfo_Init
                0x000000000010a16c       0x28 C:/devkitPro/libctru/lib\libcitro3d.a(attribs.o)
                0x000000000010a16c                AttrInfo_Init
 .text.AttrInfo_AddLoader
                0x000000000010a194       0x94 C:/devkitPro/libctru/lib\libcitro3d.a(attribs.o)
                0x000000000010a194                AttrInfo_AddLoader
 .text.C3D_SetAttrInfo
                0x000000000010a228       0x54 C:/devkitPro/libctru/lib\libcitro3d.a(attribs.o)
                0x000000000010a228                C3D_SetAttrInfo
 .text.C3Di_AttrInfoBind
                0x000000000010a27c       0x80 C:/devkitPro/libctru/lib\libcitro3d.a(attribs.o)
                0x000000000010a27c                C3Di_AttrInfoBind
 .text.C3D_ImmSendAttrib
                0x000000000010a2fc       0xa8 C:/devkitPro/libctru/lib\libcitro3d.a(immediate.o)
                0x000000000010a2fc                C3D_ImmSendAttrib
 .text.C3D_UpdateUniforms
                0x000000000010a3a4      0x280 C:/devkitPro/libctru/lib\libcitro3d.a(uniforms.o)
                0x000000000010a3a4                C3D_UpdateUniforms
 .text.C3Di_DirtyUniforms
                0x000000000010a624       0xc0 C:/devkitPro/libctru/lib\libcitro3d.a(uniforms.o)
                0x000000000010a624                C3Di_DirtyUniforms
 .text.C3Di_LoadShaderUniforms
                0x000000000010a6e4       0xd8 C:/devkitPro/libctru/lib\libcitro3d.a(uniforms.o)
                0x000000000010a6e4                C3Di_LoadShaderUniforms
 .text.C3Di_ClearShaderUniforms
                0x000000000010a7bc       0x28 C:/devkitPro/libctru/lib\libcitro3d.a(uniforms.o)
                0x000000000010a7bc                C3Di_ClearShaderUniforms
 .text.Mtx_Ortho
                0x000000000010a7e4       0xcc C:/devkitPro/libctru/lib\libcitro3d.a(mtx_ortho.o)
                0x000000000010a7e4                Mtx_Ortho
 .text.Mtx_OrthoTilt
                0x000000000010a8b0       0xcc C:/devkitPro/libctru/lib\libcitro3d.a(mtx_orthotilt.o)
                0x000000000010a8b0                Mtx_OrthoTilt
 .text._ZL21addrMapNodeComparatorPK11rbtree_nodeS1_
                0x000000000010a97c       0x24 C:/devkitPro/libctru/lib\libctru.a(vram.o)
 .text._ZL21addrMapNodeDestructorP11rbtree_node
                0x000000000010a9a0        0x4 C:/devkitPro/libctru/lib\libctru.a(vram.o)
 .text.vramMemAlignAt
                0x000000000010a9a4      0x250 C:/devkitPro/libctru/lib\libctru.a(vram.o)
                0x000000000010a9a4                vramMemAlignAt
 .text.vramAlloc
                0x000000000010abf4        0xc C:/devkitPro/libctru/lib\libctru.a(vram.o)
                0x000000000010abf4                vramAlloc
 .text.vramAllocAt
                0x000000000010ac00        0xc C:/devkitPro/libctru/lib\libctru.a(vram.o)
                0x000000000010ac00                vramAllocAt
 .text.vramFree
                0x000000000010ac0c       0x90 C:/devkitPro/libctru/lib\libctru.a(vram.o)
                0x000000000010ac0c                vramFree
 .text._ZL21addrMapNodeComparatorPK11rbtree_nodeS1_
                0x000000000010ac9c       0x24 C:/devkitPro/libctru/lib\libctru.a(linear.o)
 .text._ZL21addrMapNodeDestructorP11rbtree_node
                0x000000000010acc0        0x4 C:/devkitPro/libctru/lib\libctru.a(linear.o)
 .text.linearMemAlign
                0x000000000010acc4      0x120 C:/devkitPro/libctru/lib\libctru.a(linear.o)
                0x000000000010acc4                linearMemAlign
 .text.linearAlloc
                0x000000000010ade4        0x8 C:/devkitPro/libctru/lib\libctru.a(linear.o)
                0x000000000010ade4                linearAlloc
 .text.linearFree
                0x000000000010adec       0x5c C:/devkitPro/libctru/lib\libctru.a(linear.o)
                0x000000000010adec                linearFree
 .text._ZN7MemPool13CoalesceRightEP8MemBlock
                0x000000000010ae48       0x80 C:/devkitPro/libctru/lib\libctru.a(mem_pool.o)
                0x000000000010ae48                MemPool::CoalesceRight(MemBlock*)
 .text._ZN7MemPool8AllocateER8MemChunkmi
                0x000000000010aec8      0x16c C:/devkitPro/libctru/lib\libctru.a(mem_pool.o)
                0x000000000010aec8                MemPool::Allocate(MemChunk&, unsigned long, int)
 .text._ZN7MemPool10DeallocateERK8MemChunk
                0x000000000010b034       0xfc C:/devkitPro/libctru/lib\libctru.a(mem_pool.o)
                0x000000000010b034                MemPool::Deallocate(MemChunk const&)
 .text._ZN7MemPool12GetFreeSpaceEv
                0x000000000010b130       0x30 C:/devkitPro/libctru/lib\libctru.a(mem_pool.o)
                0x000000000010b130                MemPool::GetFreeSpace()
 .text.romfs_close
                0x000000000010b160        0x8 C:/devkitPro/libctru/lib\libctru.a(romfs_dev.o)
 .text.romfs_seek
                0x000000000010b168       0xc0 C:/devkitPro/libctru/lib\libctru.a(romfs_dev.o)
 .text.romfs_dirreset
                0x000000000010b228       0x24 C:/devkitPro/libctru/lib\libctru.a(romfs_dev.o)
 .text.fill_dir
                0x000000000010b24c       0xc8 C:/devkitPro/libctru/lib\libctru.a(romfs_dev.o)
 .text.romfs_dirnext
                0x000000000010b314      0x28c C:/devkitPro/libctru/lib\libctru.a(romfs_dev.o)
 .text.romfs_free
                0x000000000010b5a0       0x84 C:/devkitPro/libctru/lib\libctru.a(romfs_dev.o)
 .text.searchForFile.constprop.0
                0x000000000010b624       0xd4 C:/devkitPro/libctru/lib\libctru.a(romfs_dev.o)
 .text.searchForDir.constprop.0
                0x000000000010b6f8       0xd8 C:/devkitPro/libctru/lib\libctru.a(romfs_dev.o)
 .text.navigateToDir.constprop.0
                0x000000000010b7d0      0x1c0 C:/devkitPro/libctru/lib\libctru.a(romfs_dev.o)
 .text.romfs_open
                0x000000000010b990      0x10c C:/devkitPro/libctru/lib\libctru.a(romfs_dev.o)
 .text.romfs_chdir
                0x000000000010ba9c       0x4c C:/devkitPro/libctru/lib\libctru.a(romfs_dev.o)
 .text.romfs_diropen
                0x000000000010bae8       0x70 C:/devkitPro/libctru/lib\libctru.a(romfs_dev.o)
 .text.romfs_stat
                0x000000000010bb58      0x174 C:/devkitPro/libctru/lib\libctru.a(romfs_dev.o)
 .text.romfs_dirclose
                0x000000000010bccc        0x8 C:/devkitPro/libctru/lib\libctru.a(romfs_dev.o)
 *fill*         0x000000000010bcd4        0x4 
 .text.romfs_fstat
                0x000000000010bcd8       0x84 C:/devkitPro/libctru/lib\libctru.a(romfs_dev.o)
 .text.romfs_read
                0x000000000010bd5c       0xd0 C:/devkitPro/libctru/lib\libctru.a(romfs_dev.o)
 .text.romfsMountFromFile
                0x000000000010be2c      0x28c C:/devkitPro/libctru/lib\libctru.a(romfs_dev.o)
                0x000000000010be2c                romfsMountFromFile
 .text.romfsMountFromCurrentProcess
                0x000000000010c0b8       0x98 C:/devkitPro/libctru/lib\libctru.a(romfs_dev.o)
                0x000000000010c0b8                romfsMountFromCurrentProcess
 .text.romfsMountSelf
                0x000000000010c150      0x260 C:/devkitPro/libctru/lib\libctru.a(romfs_dev.o)
                0x000000000010c150                romfsMountSelf
 .text.romfsUnmount
                0x000000000010c3b0       0xa0 C:/devkitPro/libctru/lib\libctru.a(romfs_dev.o)
                0x000000000010c3b0                romfsUnmount
 .text.osConvertVirtToPhys
                0x000000000010c450       0x74 C:/devkitPro/libctru/lib\libctru.a(os.o)
                0x000000000010c450                osConvertVirtToPhys
 .text.osGetTimeRef
                0x000000000010c4c4       0x54 C:/devkitPro/libctru/lib\libctru.a(os.o)
                0x000000000010c4c4                osGetTimeRef
 .text.osGetTime
                0x000000000010c518       0xec C:/devkitPro/libctru/lib\libctru.a(os.o)
                0x000000000010c518                osGetTime
 .text.__ctru_speedup_config
                0x000000000010c604       0x34 C:/devkitPro/libctru/lib\libctru.a(os.o)
                0x000000000010c604                __ctru_speedup_config
 .text.fontEnsureMapped
                0x000000000010c638       0x94 C:/devkitPro/libctru/lib\libctru.a(font.o)
                0x000000000010c638                fontEnsureMapped
 .text.fontGlyphIndexFromCodePoint
                0x000000000010c6cc      0x100 C:/devkitPro/libctru/lib\libctru.a(font.o)
                0x000000000010c6cc                fontGlyphIndexFromCodePoint
 .text.fontCalcGlyphPos
                0x000000000010c7cc      0x1ec C:/devkitPro/libctru/lib\libctru.a(font.o)
                0x000000000010c7cc                fontCalcGlyphPos
 .text.gfxPresentFramebuffer
                0x000000000010c9b8       0xd0 C:/devkitPro/libctru/lib\libctru.a(gfx.o)
 .text.gfxIsWide
                0x000000000010ca88       0x1c C:/devkitPro/libctru/lib\libctru.a(gfx.o)
                0x000000000010ca88                gfxIsWide
 .text.gfxSetScreenFormat
                0x000000000010caa4       0xec C:/devkitPro/libctru/lib\libctru.a(gfx.o)
                0x000000000010caa4                gfxSetScreenFormat
 .text.gfxInit  0x000000000010cb90       0xe0 C:/devkitPro/libctru/lib\libctru.a(gfx.o)
                0x000000000010cb90                gfxInit
 .text.gfxInitDefault
                0x000000000010cc70       0x10 C:/devkitPro/libctru/lib\libctru.a(gfx.o)
                0x000000000010cc70                gfxInitDefault
 .text.gfxExit  0x000000000010cc80       0xb4 C:/devkitPro/libctru/lib\libctru.a(gfx.o)
                0x000000000010cc80                gfxExit
 .text.gfxGetFramebuffer
                0x000000000010cd34       0xa0 C:/devkitPro/libctru/lib\libctru.a(gfx.o)
                0x000000000010cd34                gfxGetFramebuffer
 .text.gfxScreenSwapBuffers
                0x000000000010cdd4       0x30 C:/devkitPro/libctru/lib\libctru.a(gfx.o)
                0x000000000010cdd4                gfxScreenSwapBuffers
 .text.shaderInstanceInit
                0x000000000010ce04      0x1d4 C:/devkitPro/libctru/lib\libctru.a(shaderProgram.o)
                0x000000000010ce04                shaderInstanceInit
 .text.shaderInstanceGetUniformLocation
                0x000000000010cfd8       0x18 C:/devkitPro/libctru/lib\libctru.a(shaderProgram.o)
                0x000000000010cfd8                shaderInstanceGetUniformLocation
 .text.shaderProgramInit
                0x000000000010cff0       0x1c C:/devkitPro/libctru/lib\libctru.a(shaderProgram.o)
                0x000000000010cff0                shaderProgramInit
 .text.shaderProgramFree
                0x000000000010d00c       0x64 C:/devkitPro/libctru/lib\libctru.a(shaderProgram.o)
                0x000000000010d00c                shaderProgramFree
 .text.shaderProgramSetVsh
                0x000000000010d070       0x80 C:/devkitPro/libctru/lib\libctru.a(shaderProgram.o)
                0x000000000010d070                shaderProgramSetVsh
 .text.shaderProgramConfigure
                0x000000000010d0f0      0x8e0 C:/devkitPro/libctru/lib\libctru.a(shaderProgram.o)
                0x000000000010d0f0                shaderProgramConfigure
 .text.DVLE_GenerateOutmap.part.0
                0x000000000010d9d0      0x1cc C:/devkitPro/libctru/lib\libctru.a(shbin.o)
 .text.DVLB_ParseFile
                0x000000000010db9c      0x1b4 C:/devkitPro/libctru/lib\libctru.a(shbin.o)
                0x000000000010db9c                DVLB_ParseFile
 .text.DVLB_Free
                0x000000000010dd50       0x38 C:/devkitPro/libctru/lib\libctru.a(shbin.o)
                0x000000000010dd50                DVLB_Free
 .text.DVLE_GetUniformRegister
                0x000000000010dd88       0x74 C:/devkitPro/libctru/lib\libctru.a(shbin.o)
                0x000000000010dd88                DVLE_GetUniformRegister
 .text.GX_BindQueue
                0x000000000010ddfc       0x10 C:/devkitPro/libctru/lib\libctru.a(gx.o)
                0x000000000010ddfc                GX_BindQueue
 .text.GX_ProcessCommandList
                0x000000000010de0c       0x78 C:/devkitPro/libctru/lib\libctru.a(gx.o)
                0x000000000010de0c                GX_ProcessCommandList
 .text.GX_MemoryFill
                0x000000000010de84       0x74 C:/devkitPro/libctru/lib\libctru.a(gx.o)
                0x000000000010de84                GX_MemoryFill
 .text.GX_DisplayTransfer
                0x000000000010def8       0x70 C:/devkitPro/libctru/lib\libctru.a(gx.o)
                0x000000000010def8                GX_DisplayTransfer
 .text.GX_TextureCopy
                0x000000000010df68       0x74 C:/devkitPro/libctru/lib\libctru.a(gx.o)
                0x000000000010df68                GX_TextureCopy
 .text.gxCmdQueueDoCommands.part.0
                0x000000000010dfdc       0x68 C:/devkitPro/libctru/lib\libctru.a(gxqueue.o)
 .text.gxCmdQueueInterrupt
                0x000000000010e044       0xc8 C:/devkitPro/libctru/lib\libctru.a(gxqueue.o)
                0x000000000010e044                gxCmdQueueInterrupt
 .text.gxCmdQueueClear
                0x000000000010e10c       0x4c C:/devkitPro/libctru/lib\libctru.a(gxqueue.o)
                0x000000000010e10c                gxCmdQueueClear
 .text.gxCmdQueueAdd
                0x000000000010e158       0xf8 C:/devkitPro/libctru/lib\libctru.a(gxqueue.o)
                0x000000000010e158                gxCmdQueueAdd
 .text.gxCmdQueueRun
                0x000000000010e250       0x80 C:/devkitPro/libctru/lib\libctru.a(gxqueue.o)
                0x000000000010e250                gxCmdQueueRun
 .text.gxCmdQueueStop
                0x000000000010e2d0       0x60 C:/devkitPro/libctru/lib\libctru.a(gxqueue.o)
                0x000000000010e2d0                gxCmdQueueStop
 .text.gxCmdQueueWait
                0x000000000010e330       0x74 C:/devkitPro/libctru/lib\libctru.a(gxqueue.o)
                0x000000000010e330                gxCmdQueueWait
 .text.GPUCMD_Add
                0x000000000010e3a4      0x13c C:/devkitPro/libctru/lib\libctru.a(gpu.o)
                0x000000000010e3a4                GPUCMD_Add
 .text.GPUCMD_Split
                0x000000000010e4e0       0xb0 C:/devkitPro/libctru/lib\libctru.a(gpu.o)
                0x000000000010e4e0                GPUCMD_Split
 .text.f32tof16
                0x000000000010e590       0x34 C:/devkitPro/libctru/lib\libctru.a(gpu.o)
                0x000000000010e590                f32tof16
 .text.f32tof24
                0x000000000010e5c4       0x34 C:/devkitPro/libctru/lib\libctru.a(gpu.o)
                0x000000000010e5c4                f32tof24
 .text.f32tof31
                0x000000000010e5f8       0x38 C:/devkitPro/libctru/lib\libctru.a(gpu.o)
                0x000000000010e5f8                f32tof31
 .text.gspHardwareInit
                0x000000000010e630      0xc58 C:/devkitPro/libctru/lib\libctru.a(gspgpu.o)
 .text.gspInit  0x000000000010f288      0x248 C:/devkitPro/libctru/lib\libctru.a(gspgpu.o)
                0x000000000010f288                gspInit
 .text.gspExit  0x000000000010f4d0       0xf0 C:/devkitPro/libctru/lib\libctru.a(gspgpu.o)
                0x000000000010f4d0                gspExit
 .text.gspHasGpuRight
                0x000000000010f5c0       0x10 C:/devkitPro/libctru/lib\libctru.a(gspgpu.o)
                0x000000000010f5c0                gspHasGpuRight
 .text.gspPresentBuffer
                0x000000000010f5d0       0xa0 C:/devkitPro/libctru/lib\libctru.a(gspgpu.o)
                0x000000000010f5d0                gspPresentBuffer
 .text.gspSetEventCallback
                0x000000000010f670       0x30 C:/devkitPro/libctru/lib\libctru.a(gspgpu.o)
                0x000000000010f670                gspSetEventCallback
 .text.gspWaitForEvent
                0x000000000010f6a0       0x44 C:/devkitPro/libctru/lib\libctru.a(gspgpu.o)
                0x000000000010f6a0                gspWaitForEvent
 .text.gspWaitForAnyEvent
                0x000000000010f6e4       0x4c C:/devkitPro/libctru/lib\libctru.a(gspgpu.o)
                0x000000000010f6e4                gspWaitForAnyEvent
 .text.gspEventThreadMain
                0x000000000010f730      0x158 C:/devkitPro/libctru/lib\libctru.a(gspgpu.o)
 .text.gspSubmitGxCommand
                0x000000000010f888      0x130 C:/devkitPro/libctru/lib\libctru.a(gspgpu.o)
                0x000000000010f888                gspSubmitGxCommand
 .text.GSPGPU_FlushDataCache
                0x000000000010f9b8       0x50 C:/devkitPro/libctru/lib\libctru.a(gspgpu.o)
                0x000000000010f9b8                GSPGPU_FlushDataCache
 .text.GSPGPU_SetLcdForceBlack
                0x000000000010fa08       0x34 C:/devkitPro/libctru/lib\libctru.a(gspgpu.o)
                0x000000000010fa08                GSPGPU_SetLcdForceBlack
 .text.GSPGPU_AcquireRight
                0x000000000010fa3c       0x68 C:/devkitPro/libctru/lib\libctru.a(gspgpu.o)
                0x000000000010fa3c                GSPGPU_AcquireRight
 .text.GSPGPU_ReleaseRight
                0x000000000010faa4       0x48 C:/devkitPro/libctru/lib\libctru.a(gspgpu.o)
                0x000000000010faa4                GSPGPU_ReleaseRight
 .text.GSPGPU_ImportDisplayCaptureInfo
                0x000000000010faec       0x7c C:/devkitPro/libctru/lib\libctru.a(gspgpu.o)
                0x000000000010faec                GSPGPU_ImportDisplayCaptureInfo
 .text.GSPGPU_SaveVramSysArea
                0x000000000010fb68       0x2c C:/devkitPro/libctru/lib\libctru.a(gspgpu.o)
                0x000000000010fb68                GSPGPU_SaveVramSysArea
 .text.GSPGPU_RestoreVramSysArea
                0x000000000010fb94       0x2c C:/devkitPro/libctru/lib\libctru.a(gspgpu.o)
                0x000000000010fb94                GSPGPU_RestoreVramSysArea
 .text.aptConvertScreenForCapture
                0x000000000010fbc0      0x1a4 C:/devkitPro/libctru/lib\libctru.a(apt.o)
 .text.aptDspSleep
                0x000000000010fd64        0x8 C:/devkitPro/libctru/lib\libctru.a(apt.o)
                0x000000000010fd64                aptDspSleep
 .text.aptDspWakeup
                0x000000000010fd6c        0x4 C:/devkitPro/libctru/lib\libctru.a(apt.o)
                0x000000000010fd6c                aptDspWakeup
 .text.aptDspCancel
                0x000000000010fd70        0x4 C:/devkitPro/libctru/lib\libctru.a(apt.o)
                0x000000000010fd70                aptDspCancel
 .text.aptSendCommand
                0x000000000010fd74      0x158 C:/devkitPro/libctru/lib\libctru.a(apt.o)
                0x000000000010fd74                aptSendCommand
 *fill*         0x000000000010fecc        0x4 
 .text.aptExitProcess
                0x000000000010fed0       0x44 C:/devkitPro/libctru/lib\libctru.a(apt.o)
 .text.aptExit  0x000000000010ff14      0x2f4 C:/devkitPro/libctru/lib\libctru.a(apt.o)
                0x000000000010ff14                aptExit
 .text.aptHandleSleep
                0x0000000000110208       0xe0 C:/devkitPro/libctru/lib\libctru.a(apt.o)
                0x0000000000110208                aptHandleSleep
 .text.aptHook  0x00000000001102e8       0x30 C:/devkitPro/libctru/lib\libctru.a(apt.o)
                0x00000000001102e8                aptHook
 .text.aptUnhook
                0x0000000000110318       0x30 C:/devkitPro/libctru/lib\libctru.a(apt.o)
                0x0000000000110318                aptUnhook
 .text.aptSetMessageCallback
                0x0000000000110348       0x1c C:/devkitPro/libctru/lib\libctru.a(apt.o)
                0x0000000000110348                aptSetMessageCallback
 .text.APT_SleepIfShellClosed
                0x0000000000110364       0x84 C:/devkitPro/libctru/lib\libctru.a(apt.o)
                0x0000000000110364                APT_SleepIfShellClosed
 .text.aptSetSleepAllowed
                0x00000000001103e8       0x84 C:/devkitPro/libctru/lib\libctru.a(apt.o)
                0x00000000001103e8                aptSetSleepAllowed
 .text.APT_UnlockTransition
                0x000000000011046c       0x84 C:/devkitPro/libctru/lib\libctru.a(apt.o)
                0x000000000011046c                APT_UnlockTransition
 .text.aptEventHandler
                0x00000000001104f0      0x4a4 C:/devkitPro/libctru/lib\libctru.a(apt.o)
 .text.APT_ReceiveParameter
                0x0000000000110994       0xb0 C:/devkitPro/libctru/lib\libctru.a(apt.o)
                0x0000000000110994                APT_ReceiveParameter
 .text.aptReceiveParameter.constprop.0
                0x0000000000110a44       0xb0 C:/devkitPro/libctru/lib\libctru.a(apt.o)
 *fill*         0x0000000000110af4        0x4 
 .text.aptScreenTransfer
                0x0000000000110af8      0x2ac C:/devkitPro/libctru/lib\libctru.a(apt.o)
 .text.aptWaitForWakeUp.isra.0
                0x0000000000110da4      0x344 C:/devkitPro/libctru/lib\libctru.a(apt.o)
 .text.aptLaunchLibraryApplet
                0x00000000001110e8      0x11c C:/devkitPro/libctru/lib\libctru.a(apt.o)
                0x00000000001110e8                aptLaunchLibraryApplet
 *fill*         0x0000000000111204        0x4 
 .text.aptJumpToHomeMenu
                0x0000000000111208      0x100 C:/devkitPro/libctru/lib\libctru.a(apt.o)
                0x0000000000111208                aptJumpToHomeMenu
 .text.aptMainLoop
                0x0000000000111308       0x48 C:/devkitPro/libctru/lib\libctru.a(apt.o)
                0x0000000000111308                aptMainLoop
 .text.aptInit  0x0000000000111350      0x22c C:/devkitPro/libctru/lib\libctru.a(apt.o)
                0x0000000000111350                aptInit
 .text.APT_SendParameter
                0x000000000011157c       0x5c C:/devkitPro/libctru/lib\libctru.a(apt.o)
                0x000000000011157c                APT_SendParameter
 .text.APT_CheckNew3DS
                0x00000000001115d8       0x7c C:/devkitPro/libctru/lib\libctru.a(apt.o)
                0x00000000001115d8                APT_CheckNew3DS
 .text.APT_GetSharedFont
                0x0000000000111654       0x48 C:/devkitPro/libctru/lib\libctru.a(apt.o)
                0x0000000000111654                APT_GetSharedFont
 .text.hidShouldUseIrrst
                0x000000000011169c       0x24 C:/devkitPro/libctru/lib\libctru.a(hid.o)
                0x000000000011169c                hidShouldUseIrrst
 .text.hidInit  0x00000000001116c0      0x18c C:/devkitPro/libctru/lib\libctru.a(hid.o)
                0x00000000001116c0                hidInit
 .text.hidExit  0x000000000011184c       0xe8 C:/devkitPro/libctru/lib\libctru.a(hid.o)
                0x000000000011184c                hidExit
 .text.hidScanInput
                0x0000000000111934      0x2a4 C:/devkitPro/libctru/lib\libctru.a(hid.o)
                0x0000000000111934                hidScanInput
 .text.hidKeysHeld
                0x0000000000111bd8       0x10 C:/devkitPro/libctru/lib\libctru.a(hid.o)
                0x0000000000111bd8                hidKeysHeld
 .text.hidKeysDown
                0x0000000000111be8       0x10 C:/devkitPro/libctru/lib\libctru.a(hid.o)
                0x0000000000111be8                hidKeysDown
 .text.hidKeysUp
                0x0000000000111bf8       0x10 C:/devkitPro/libctru/lib\libctru.a(hid.o)
                0x0000000000111bf8                hidKeysUp
 .text.hidTouchRead
                0x0000000000111c08       0x18 C:/devkitPro/libctru/lib\libctru.a(hid.o)
                0x0000000000111c08                hidTouchRead
 .text.ptmSysmInit
                0x0000000000111c20       0x74 C:/devkitPro/libctru/lib\libctru.a(ptmsysm.o)
                0x0000000000111c20                ptmSysmInit
 .text.ptmSysmExit
                0x0000000000111c94       0x3c C:/devkitPro/libctru/lib\libctru.a(ptmsysm.o)
                0x0000000000111c94                ptmSysmExit
 .text.PTMSYSM_ConfigureNew3DSCPU
                0x0000000000111cd0       0x34 C:/devkitPro/libctru/lib\libctru.a(ptmsysm.o)
                0x0000000000111cd0                PTMSYSM_ConfigureNew3DSCPU
 .text.fsInit   0x0000000000111d04       0xcc C:/devkitPro/libctru/lib\libctru.a(fs.o)
                0x0000000000111d04                fsInit
 .text.fsExit   0x0000000000111dd0       0x3c C:/devkitPro/libctru/lib\libctru.a(fs.o)
                0x0000000000111dd0                fsExit
 .text.fsExemptFromSession
                0x0000000000111e0c       0x60 C:/devkitPro/libctru/lib\libctru.a(fs.o)
                0x0000000000111e0c                fsExemptFromSession
 .text.fsUnexemptFromSession
                0x0000000000111e6c       0x50 C:/devkitPro/libctru/lib\libctru.a(fs.o)
                0x0000000000111e6c                fsUnexemptFromSession
 .text.FSUSER_OpenFile
                0x0000000000111ebc       0xcc C:/devkitPro/libctru/lib\libctru.a(fs.o)
                0x0000000000111ebc                FSUSER_OpenFile
 .text.FSUSER_OpenFileDirectly
                0x0000000000111f88       0xd4 C:/devkitPro/libctru/lib\libctru.a(fs.o)
                0x0000000000111f88                FSUSER_OpenFileDirectly
 .text.FSUSER_DeleteFile
                0x000000000011205c       0xbc C:/devkitPro/libctru/lib\libctru.a(fs.o)
                0x000000000011205c                FSUSER_DeleteFile
 .text.FSUSER_RenameFile
                0x0000000000112118       0xf8 C:/devkitPro/libctru/lib\libctru.a(fs.o)
                0x0000000000112118                FSUSER_RenameFile
 .text.FSUSER_DeleteDirectory
                0x0000000000112210       0xbc C:/devkitPro/libctru/lib\libctru.a(fs.o)
                0x0000000000112210                FSUSER_DeleteDirectory
 .text.FSUSER_CreateFile
                0x00000000001122cc       0xd4 C:/devkitPro/libctru/lib\libctru.a(fs.o)
                0x00000000001122cc                FSUSER_CreateFile
 .text.FSUSER_CreateDirectory
                0x00000000001123a0       0xc4 C:/devkitPro/libctru/lib\libctru.a(fs.o)
                0x00000000001123a0                FSUSER_CreateDirectory
 .text.FSUSER_RenameDirectory
                0x0000000000112464       0xf8 C:/devkitPro/libctru/lib\libctru.a(fs.o)
                0x0000000000112464                FSUSER_RenameDirectory
 .text.FSUSER_OpenDirectory
                0x000000000011255c       0xb4 C:/devkitPro/libctru/lib\libctru.a(fs.o)
                0x000000000011255c                FSUSER_OpenDirectory
 .text.FSUSER_OpenArchive
                0x0000000000112610       0x98 C:/devkitPro/libctru/lib\libctru.a(fs.o)
                0x0000000000112610                FSUSER_OpenArchive
 .text.FSUSER_CloseArchive
                0x00000000001126a8       0x8c C:/devkitPro/libctru/lib\libctru.a(fs.o)
                0x00000000001126a8                FSUSER_CloseArchive
 .text.FSUSER_GetSdmcArchiveResource
                0x0000000000112734       0x74 C:/devkitPro/libctru/lib\libctru.a(fs.o)
                0x0000000000112734                FSUSER_GetSdmcArchiveResource
 .text.FSUSER_IsSdmcWritable
                0x00000000001127a8       0x64 C:/devkitPro/libctru/lib\libctru.a(fs.o)
                0x00000000001127a8                FSUSER_IsSdmcWritable
 .text.FSFILE_Read
                0x000000000011280c       0x58 C:/devkitPro/libctru/lib\libctru.a(fs.o)
                0x000000000011280c                FSFILE_Read
 .text.FSFILE_Write
                0x0000000000112864       0x60 C:/devkitPro/libctru/lib\libctru.a(fs.o)
                0x0000000000112864                FSFILE_Write
 .text.FSFILE_GetSize
                0x00000000001128c4       0x3c C:/devkitPro/libctru/lib\libctru.a(fs.o)
                0x00000000001128c4                FSFILE_GetSize
 .text.FSFILE_SetSize
                0x0000000000112900       0x28 C:/devkitPro/libctru/lib\libctru.a(fs.o)
                0x0000000000112900                FSFILE_SetSize
 .text.FSFILE_Close
                0x0000000000112928       0x3c C:/devkitPro/libctru/lib\libctru.a(fs.o)
                0x0000000000112928                FSFILE_Close
 .text.FSFILE_Flush
                0x0000000000112964       0x24 C:/devkitPro/libctru/lib\libctru.a(fs.o)
                0x0000000000112964                FSFILE_Flush
 .text.FSDIR_Read
                0x0000000000112988       0x50 C:/devkitPro/libctru/lib\libctru.a(fs.o)
                0x0000000000112988                FSDIR_Read
 .text.FSDIR_Close
                0x00000000001129d8       0x3c C:/devkitPro/libctru/lib\libctru.a(fs.o)
                0x00000000001129d8                FSDIR_Close
 .text.inet_addr
                0x0000000000112a14       0x24 C:/devkitPro/libctru/lib\libctru.a(soc_inet_addr.o)
                0x0000000000112a14                inet_addr
 .text.socket   0x0000000000112a38      0x14c C:/devkitPro/libctru/lib\libctru.a(soc_socket.o)
                0x0000000000112a38                socket
 .text.recv     0x0000000000112b84       0x20 C:/devkitPro/libctru/lib\libctru.a(soc_recv.o)
                0x0000000000112b84                recv
 .text.connect  0x0000000000112ba4      0x174 C:/devkitPro/libctru/lib\libctru.a(soc_connect.o)
                0x0000000000112ba4                connect
 .text._net_convert_error
                0x0000000000112d18       0x3c C:/devkitPro/libctru/lib\libctru.a(soc_common.o)
                0x0000000000112d18                _net_convert_error
 .text.inet_aton
                0x0000000000112d54      0x1a8 C:/devkitPro/libctru/lib\libctru.a(soc_inet_aton.o)
                0x0000000000112d54                inet_aton
 .text.soc_open
                0x0000000000112efc       0x14 C:/devkitPro/libctru/lib\libctru.a(soc_init.o)
 .text.soc_read
                0x0000000000112f10       0x34 C:/devkitPro/libctru/lib\libctru.a(soc_init.o)
 .text.soc_write
                0x0000000000112f44       0x34 C:/devkitPro/libctru/lib\libctru.a(soc_init.o)
 .text.soc_close
                0x0000000000112f78       0x8c C:/devkitPro/libctru/lib\libctru.a(soc_init.o)
 .text.socInit  0x0000000000113004      0x14c C:/devkitPro/libctru/lib\libctru.a(soc_init.o)
                0x0000000000113004                socInit
 .text.socuipc_cmd7
                0x0000000000113150      0x140 C:/devkitPro/libctru/lib\libctru.a(soc_recvfrom.o)
                0x0000000000113150                socuipc_cmd7
 .text.socuipc_cmd8
                0x0000000000113290      0x15c C:/devkitPro/libctru/lib\libctru.a(soc_recvfrom.o)
                0x0000000000113290                socuipc_cmd8
 .text.soc_recvfrom
                0x00000000001133ec       0x24 C:/devkitPro/libctru/lib\libctru.a(soc_recvfrom.o)
                0x00000000001133ec                soc_recvfrom
 .text.recvfrom
                0x0000000000113410       0xa8 C:/devkitPro/libctru/lib\libctru.a(soc_recvfrom.o)
                0x0000000000113410                recvfrom
 .text.socuipc_cmd9
                0x00000000001134b8      0x158 C:/devkitPro/libctru/lib\libctru.a(soc_sendto.o)
                0x00000000001134b8                socuipc_cmd9
 .text.socuipc_cmda
                0x0000000000113610      0x15c C:/devkitPro/libctru/lib\libctru.a(soc_sendto.o)
                0x0000000000113610                socuipc_cmda
 .text.soc_sendto
                0x000000000011376c       0x24 C:/devkitPro/libctru/lib\libctru.a(soc_sendto.o)
                0x000000000011376c                soc_sendto
 .text.sendto   0x0000000000113790       0xa8 C:/devkitPro/libctru/lib\libctru.a(soc_sendto.o)
                0x0000000000113790                sendto
 .text.send     0x0000000000113838       0x20 C:/devkitPro/libctru/lib\libctru.a(soc_send.o)
                0x0000000000113838                send
 .text.swkbdMessageCallback
                0x0000000000113858      0x178 C:/devkitPro/libctru/lib\libctru.a(swkbd.o)
 .text.swkbdInit
                0x00000000001139d0       0x78 C:/devkitPro/libctru/lib\libctru.a(swkbd.o)
                0x00000000001139d0                swkbdInit
 .text.swkbdSetFeatures
                0x0000000000113a48       0x38 C:/devkitPro/libctru/lib\libctru.a(swkbd.o)
                0x0000000000113a48                swkbdSetFeatures
 .text.swkbdSetInitialText
                0x0000000000113a80        0x8 C:/devkitPro/libctru/lib\libctru.a(swkbd.o)
                0x0000000000113a80                swkbdSetInitialText
 .text.swkbdInputText
                0x0000000000113a88      0x3a4 C:/devkitPro/libctru/lib\libctru.a(swkbd.o)
                0x0000000000113a88                swkbdInputText
 .text.buffer_read
                0x0000000000113e2c       0xc4 C:/devkitPro/libctru/lib\libctru.a(decompress.o)
 .text.iov_read
                0x0000000000113ef0       0xd0 C:/devkitPro/libctru/lib\libctru.a(decompress.o)
 .text.iov_memmove
                0x0000000000113fc0      0x138 C:/devkitPro/libctru/lib\libctru.a(decompress.o)
 .text.decompress_rle
                0x00000000001140f8      0x1dc C:/devkitPro/libctru/lib\libctru.a(decompress.o)
 .text.decompress_lzss
                0x00000000001142d4      0x244 C:/devkitPro/libctru/lib\libctru.a(decompress.o)
 .text.decompress_lz11
                0x0000000000114518      0x424 C:/devkitPro/libctru/lib\libctru.a(decompress.o)
 .text.decompress_huff
                0x000000000011493c      0x2d8 C:/devkitPro/libctru/lib\libctru.a(decompress.o)
 .text.decompressCallback_Stdio
                0x0000000000114c14       0x10 C:/devkitPro/libctru/lib\libctru.a(decompress.o)
                0x0000000000114c14                decompressCallback_Stdio
 .text.decompressHeader
                0x0000000000114c24       0xdc C:/devkitPro/libctru/lib\libctru.a(decompress.o)
                0x0000000000114c24                decompressHeader
 .text.decompressV
                0x0000000000114d00      0x240 C:/devkitPro/libctru/lib\libctru.a(decompress.o)
                0x0000000000114d00                decompressV
 .text.rbtree_init
                0x0000000000114f40       0x10 C:/devkitPro/libctru/lib\libctru.a(rbtree_init.o)
                0x0000000000114f40                rbtree_init
 .text.do_insert
                0x0000000000114f50      0x1b4 C:/devkitPro/libctru/lib\libctru.a(rbtree_insert.o)
 .text.rbtree_insert
                0x0000000000115104        0x8 C:/devkitPro/libctru/lib\libctru.a(rbtree_insert.o)
                0x0000000000115104                rbtree_insert
 .text.rbtree_rotate
                0x000000000011510c       0x90 C:/devkitPro/libctru/lib\libctru.a(rbtree_rotate.o)
                0x000000000011510c                rbtree_rotate
 .text.rbtree_remove
                0x000000000011519c      0x318 C:/devkitPro/libctru/lib\libctru.a(rbtree_remove.o)
                0x000000000011519c                rbtree_remove
 .text.rbtree_find
                0x00000000001154b4       0x74 C:/devkitPro/libctru/lib\libctru.a(rbtree_find.o)
                0x00000000001154b4                rbtree_find
 .text.utf16_to_utf8
                0x0000000000115528       0xe8 C:/devkitPro/libctru/lib\libctru.a(utf16_to_utf8.o)
                0x0000000000115528                utf16_to_utf8
 .text.decode_utf16
                0x0000000000115610       0x64 C:/devkitPro/libctru/lib\libctru.a(decode_utf16.o)
                0x0000000000115610                decode_utf16
 .text.decode_utf8
                0x0000000000115674      0x13c C:/devkitPro/libctru/lib\libctru.a(decode_utf8.o)
                0x0000000000115674                decode_utf8
 .text.utf8_to_utf16
                0x00000000001157b0       0xc0 C:/devkitPro/libctru/lib\libctru.a(utf8_to_utf16.o)
                0x00000000001157b0                utf8_to_utf16
 .text.__system_allocateHeaps
                0x0000000000115870      0x1e0 C:/devkitPro/libctru/lib\libctru.a(allocateHeaps.o)
                0x0000000000115870                __system_allocateHeaps
 .text.__libctru_init
                0x0000000000115a50       0x38 C:/devkitPro/libctru/lib\libctru.a(ctru_init.o)
                0x0000000000115a50                __libctru_init
 .text.__system_initArgv
                0x0000000000115a88      0x170 C:/devkitPro/libctru/lib\libctru.a(initArgv.o)
                0x0000000000115a88                __system_initArgv
 .text.svcControlMemory
                0x0000000000115bf8       0x20 C:/devkitPro/libctru/lib\libctru.a(svc.o)
                0x0000000000115bf8                svcControlMemory
 .text.svcQueryMemory
                0x0000000000115c18       0x30 C:/devkitPro/libctru/lib\libctru.a(svc.o)
                0x0000000000115c18                svcQueryMemory
 .text.svcExitProcess
                0x0000000000115c48        0x8 C:/devkitPro/libctru/lib\libctru.a(svc.o)
                0x0000000000115c48                svcExitProcess
 .text.svcCreateThread
                0x0000000000115c50       0x20 C:/devkitPro/libctru/lib\libctru.a(svc.o)
                0x0000000000115c50                svcCreateThread
 .text.svcExitThread
                0x0000000000115c70        0x8 C:/devkitPro/libctru/lib\libctru.a(svc.o)
                0x0000000000115c70                svcExitThread
 .text.svcSleepThread
                0x0000000000115c78        0x8 C:/devkitPro/libctru/lib\libctru.a(svc.o)
                0x0000000000115c78                svcSleepThread
 .text.svcReleaseMutex
                0x0000000000115c80        0x8 C:/devkitPro/libctru/lib\libctru.a(svc.o)
                0x0000000000115c80                svcReleaseMutex
 .text.svcCreateEvent
                0x0000000000115c88       0x14 C:/devkitPro/libctru/lib\libctru.a(svc.o)
                0x0000000000115c88                svcCreateEvent
 .text.svcSignalEvent
                0x0000000000115c9c        0x8 C:/devkitPro/libctru/lib\libctru.a(svc.o)
                0x0000000000115c9c                svcSignalEvent
 .text.svcClearEvent
                0x0000000000115ca4        0x8 C:/devkitPro/libctru/lib\libctru.a(svc.o)
                0x0000000000115ca4                svcClearEvent
 .text.svcCreateMemoryBlock
                0x0000000000115cac       0x18 C:/devkitPro/libctru/lib\libctru.a(svc.o)
                0x0000000000115cac                svcCreateMemoryBlock
 .text.svcMapMemoryBlock
                0x0000000000115cc4        0x8 C:/devkitPro/libctru/lib\libctru.a(svc.o)
                0x0000000000115cc4                svcMapMemoryBlock
 .text.svcUnmapMemoryBlock
                0x0000000000115ccc        0x8 C:/devkitPro/libctru/lib\libctru.a(svc.o)
                0x0000000000115ccc                svcUnmapMemoryBlock
 .text.svcCreateAddressArbiter
                0x0000000000115cd4       0x14 C:/devkitPro/libctru/lib\libctru.a(svc.o)
                0x0000000000115cd4                svcCreateAddressArbiter
 .text.svcArbitrateAddressNoTimeout
                0x0000000000115ce8        0x8 C:/devkitPro/libctru/lib\libctru.a(svc.o)
                0x0000000000115ce8                svcArbitrateAddressNoTimeout
 .text.svcCloseHandle
                0x0000000000115cf0        0x8 C:/devkitPro/libctru/lib\libctru.a(svc.o)
                0x0000000000115cf0                svcCloseHandle
 .text.svcWaitSynchronization
                0x0000000000115cf8        0x8 C:/devkitPro/libctru/lib\libctru.a(svc.o)
                0x0000000000115cf8                svcWaitSynchronization
 .text.svcWaitSynchronizationN
                0x0000000000115d00       0x28 C:/devkitPro/libctru/lib\libctru.a(svc.o)
                0x0000000000115d00                svcWaitSynchronizationN
 .text.svcDuplicateHandle
                0x0000000000115d28       0x14 C:/devkitPro/libctru/lib\libctru.a(svc.o)
                0x0000000000115d28                svcDuplicateHandle
 .text.svcGetSystemTick
                0x0000000000115d3c        0x8 C:/devkitPro/libctru/lib\libctru.a(svc.o)
                0x0000000000115d3c                svcGetSystemTick
 .text.svcConnectToPort
                0x0000000000115d44       0x14 C:/devkitPro/libctru/lib\libctru.a(svc.o)
                0x0000000000115d44                svcConnectToPort
 .text.svcSendSyncRequest
                0x0000000000115d58        0x8 C:/devkitPro/libctru/lib\libctru.a(svc.o)
                0x0000000000115d58                svcSendSyncRequest
 .text.svcGetResourceLimit
                0x0000000000115d60       0x14 C:/devkitPro/libctru/lib\libctru.a(svc.o)
                0x0000000000115d60                svcGetResourceLimit
 .text.svcGetResourceLimitLimitValues
                0x0000000000115d74        0x8 C:/devkitPro/libctru/lib\libctru.a(svc.o)
                0x0000000000115d74                svcGetResourceLimitLimitValues
 .text.svcGetResourceLimitCurrentValues
                0x0000000000115d7c        0x8 C:/devkitPro/libctru/lib\libctru.a(svc.o)
                0x0000000000115d7c                svcGetResourceLimitCurrentValues
 .text.svcBreak
                0x0000000000115d84        0x8 C:/devkitPro/libctru/lib\libctru.a(svc.o)
                0x0000000000115d84                svcBreak
 .text.initSystem
                0x0000000000115d8c       0x50 C:/devkitPro/libctru/lib\libctru.a(stack_adjust.o)
                0x0000000000115d8c                initSystem
 .text.__ctru_exit
                0x0000000000115ddc       0x18 C:/devkitPro/libctru/lib\libctru.a(stack_adjust.o)
                0x0000000000115ddc                __ctru_exit
 .text.__aeabi_read_tp
                0x0000000000115df4        0xc C:/devkitPro/libctru/lib\libctru.a(readtp.o)
                0x0000000000115df4                __aeabi_read_tp
 .text.__sync_init
                0x0000000000115e00        0xc C:/devkitPro/libctru/lib\libctru.a(synchronization.o)
                0x0000000000115e00                __sync_init
 .text.__sync_fini
                0x0000000000115e0c       0x18 C:/devkitPro/libctru/lib\libctru.a(synchronization.o)
                0x0000000000115e0c                __sync_fini
 .text.syncArbitrateAddress
                0x0000000000115e24       0x2c C:/devkitPro/libctru/lib\libctru.a(synchronization.o)
                0x0000000000115e24                syncArbitrateAddress
 .text.LightLock_Lock
                0x0000000000115e50       0xb0 C:/devkitPro/libctru/lib\libctru.a(synchronization.o)
                0x0000000000115e50                LightLock_Lock
 .text.LightLock_Unlock
                0x0000000000115f00       0x40 C:/devkitPro/libctru/lib\libctru.a(synchronization.o)
                0x0000000000115f00                LightLock_Unlock
 .text.RecursiveLock_Init
                0x0000000000115f40       0x24 C:/devkitPro/libctru/lib\libctru.a(synchronization.o)
                0x0000000000115f40                RecursiveLock_Init
 .text.RecursiveLock_Lock
                0x0000000000115f64       0x30 C:/devkitPro/libctru/lib\libctru.a(synchronization.o)
                0x0000000000115f64                RecursiveLock_Lock
 .text.RecursiveLock_Unlock
                0x0000000000115f94       0x54 C:/devkitPro/libctru/lib\libctru.a(synchronization.o)
                0x0000000000115f94                RecursiveLock_Unlock
 .text.LightEvent_Init
                0x0000000000115fe8       0x40 C:/devkitPro/libctru/lib\libctru.a(synchronization.o)
                0x0000000000115fe8                LightEvent_Init
 .text.LightEvent_Clear
                0x0000000000116028       0xa4 C:/devkitPro/libctru/lib\libctru.a(synchronization.o)
                0x0000000000116028                LightEvent_Clear
 .text.LightEvent_Signal
                0x00000000001160cc       0xc8 C:/devkitPro/libctru/lib\libctru.a(synchronization.o)
                0x00000000001160cc                LightEvent_Signal
 .text.LightEvent_TryWait
                0x0000000000116194       0x50 C:/devkitPro/libctru/lib\libctru.a(synchronization.o)
                0x0000000000116194                LightEvent_TryWait
 .text.LightEvent_Wait
                0x00000000001161e4       0xb0 C:/devkitPro/libctru/lib\libctru.a(synchronization.o)
                0x00000000001161e4                LightEvent_Wait
 .text.envGetHandle
                0x0000000000116294       0x84 C:/devkitPro/libctru/lib\libctru.a(env.o)
                0x0000000000116294                envGetHandle
 .text.envDestroyHandles
                0x0000000000116318       0x50 C:/devkitPro/libctru/lib\libctru.a(env.o)
                0x0000000000116318                envDestroyHandles
 .text.srvInit  0x0000000000116368      0x130 C:/devkitPro/libctru/lib\libctru.a(srv.o)
                0x0000000000116368                srvInit
 .text.srvExit  0x0000000000116498       0x58 C:/devkitPro/libctru/lib\libctru.a(srv.o)
                0x0000000000116498                srvExit
 .text.srvGetServiceHandleDirect
                0x00000000001164f0       0xa0 C:/devkitPro/libctru/lib\libctru.a(srv.o)
                0x00000000001164f0                srvGetServiceHandleDirect
 .text.srvGetServiceHandle
                0x0000000000116590       0x38 C:/devkitPro/libctru/lib\libctru.a(srv.o)
                0x0000000000116590                srvGetServiceHandle
 .text.srvPublishToSubscriber
                0x00000000001165c8       0x38 C:/devkitPro/libctru/lib\libctru.a(srv.o)
                0x00000000001165c8                srvPublishToSubscriber
 .text.threadCreate
                0x0000000000116600      0x178 C:/devkitPro/libctru/lib\libctru.a(thread.o)
                0x0000000000116600                threadCreate
 .text.threadFree
                0x0000000000116778       0x2c C:/devkitPro/libctru/lib\libctru.a(thread.o)
                0x0000000000116778                threadFree
 .text.threadJoin
                0x00000000001167a4       0x24 C:/devkitPro/libctru/lib\libctru.a(thread.o)
                0x00000000001167a4                threadJoin
 .text.threadGetCurrent
                0x00000000001167c8       0x30 C:/devkitPro/libctru/lib\libctru.a(thread.o)
                0x00000000001167c8                threadGetCurrent
 .text.threadExit
                0x00000000001167f8       0x40 C:/devkitPro/libctru/lib\libctru.a(thread.o)
                0x00000000001167f8                threadExit
 .text._thread_begin
                0x0000000000116838       0x20 C:/devkitPro/libctru/lib\libctru.a(thread.o)
 .text.mappableFindAddressWithin
                0x0000000000116858       0xb4 C:/devkitPro/libctru/lib\libctru.a(mappable.o)
 .text.mappableInit
                0x000000000011690c       0x28 C:/devkitPro/libctru/lib\libctru.a(mappable.o)
                0x000000000011690c                mappableInit
 .text.mappableAlloc
                0x0000000000116934       0x80 C:/devkitPro/libctru/lib\libctru.a(mappable.o)
                0x0000000000116934                mappableAlloc
 .text.mappableFree
                0x00000000001169b4        0x4 C:/devkitPro/libctru/lib\libctru.a(mappable.o)
                0x00000000001169b4                mappableFree
 .text.irrstInit
                0x00000000001169b8      0x164 C:/devkitPro/libctru/lib\libctru.a(irrst.o)
                0x00000000001169b8                irrstInit
 .text.irrstExit
                0x0000000000116b1c       0xcc C:/devkitPro/libctru/lib\libctru.a(irrst.o)
                0x0000000000116b1c                irrstExit
 .text.irrstScanInput
                0x0000000000116be8       0xb4 C:/devkitPro/libctru/lib\libctru.a(irrst.o)
                0x0000000000116be8                irrstScanInput
 .text.irrstKeysHeld
                0x0000000000116c9c       0x24 C:/devkitPro/libctru/lib\libctru.a(irrst.o)
                0x0000000000116c9c                irrstKeysHeld
 .text.srvPmGetSessionHandle
                0x0000000000116cc0        0xc C:/devkitPro/libctru/lib\libctru.a(srvpm.o)
                0x0000000000116cc0                srvPmGetSessionHandle
 .text.rbtree_node_next
                0x0000000000116ccc       0x5c C:/devkitPro/libctru/lib\libctru.a(rbtree_iterator.o)
                0x0000000000116ccc                rbtree_node_next
 .text.encode_utf16
                0x0000000000116d28       0x54 C:/devkitPro/libctru/lib\libctru.a(encode_utf16.o)
                0x0000000000116d28                encode_utf16
 .text.encode_utf8
                0x0000000000116d7c       0xe0 C:/devkitPro/libctru/lib\libctru.a(encode_utf8.o)
                0x0000000000116d7c                encode_utf8
 .text.__appInit
                0x0000000000116e5c       0x30 C:/devkitPro/libctru/lib\libctru.a(appInit.o)
                0x0000000000116e5c                __appInit
 .text.__syscall_getreent
                0x0000000000116e8c       0x30 C:/devkitPro/libctru/lib\libctru.a(syscalls.o)
                0x0000000000116e8c                __syscall_getreent
 .text.__syscall_gettod_r
                0x0000000000116ebc       0x74 C:/devkitPro/libctru/lib\libctru.a(syscalls.o)
                0x0000000000116ebc                __syscall_gettod_r
 .text.__syscall_lock_acquire
                0x0000000000116f30        0x4 C:/devkitPro/libctru/lib\libctru.a(syscalls.o)
                0x0000000000116f30                __syscall_lock_acquire
 .text.__syscall_lock_release
                0x0000000000116f34        0x4 C:/devkitPro/libctru/lib\libctru.a(syscalls.o)
                0x0000000000116f34                __syscall_lock_release
 .text.__syscall_lock_init_recursive
                0x0000000000116f38        0x4 C:/devkitPro/libctru/lib\libctru.a(syscalls.o)
                0x0000000000116f38                __syscall_lock_init_recursive
 .text.__syscall_lock_acquire_recursive
                0x0000000000116f3c        0x4 C:/devkitPro/libctru/lib\libctru.a(syscalls.o)
                0x0000000000116f3c                __syscall_lock_acquire_recursive
 .text.__syscall_lock_release_recursive
                0x0000000000116f40        0x4 C:/devkitPro/libctru/lib\libctru.a(syscalls.o)
                0x0000000000116f40                __syscall_lock_release_recursive
 .text.__syscall_exit
                0x0000000000116f44        0x4 C:/devkitPro/libctru/lib\libctru.a(syscalls.o)
                0x0000000000116f44                __syscall_exit
 .text.initThreadVars
                0x0000000000116f48       0x50 C:/devkitPro/libctru/lib\libctru.a(syscalls.o)
                0x0000000000116f48                initThreadVars
 .text.__system_initSyscalls
                0x0000000000116f98       0x68 C:/devkitPro/libctru/lib\libctru.a(syscalls.o)
                0x0000000000116f98                __system_initSyscalls
 .text.__appExit
                0x0000000000117000       0x30 C:/devkitPro/libctru/lib\libctru.a(appExit.o)
                0x0000000000117000                __appExit
 .text.__libctru_exit
                0x0000000000117030       0x90 C:/devkitPro/libctru/lib\libctru.a(ctru_exit.o)
                0x0000000000117030                __libctru_exit
 .text.archive_link
                0x00000000001170c0       0x14 C:/devkitPro/libctru/lib\libctru.a(archive_dev.o)
 .text.archive_dirreset
                0x00000000001170d4       0x14 C:/devkitPro/libctru/lib\libctru.a(archive_dev.o)
 .text.archive_chmod
                0x00000000001170e8       0x14 C:/devkitPro/libctru/lib\libctru.a(archive_dev.o)
 .text.error_cmp
                0x00000000001170fc       0x24 C:/devkitPro/libctru/lib\libctru.a(archive_dev.o)
 .text.archive_translate_error
                0x0000000000117120       0x50 C:/devkitPro/libctru/lib\libctru.a(archive_dev.o)
 .text.archive_seek
                0x0000000000117170       0xc8 C:/devkitPro/libctru/lib\libctru.a(archive_dev.o)
 .text._archiveInit.part.0
                0x0000000000117238       0x7c C:/devkitPro/libctru/lib\libctru.a(archive_dev.o)
 .text.archiveFindDevice.part.0
                0x00000000001172b4       0xc4 C:/devkitPro/libctru/lib\libctru.a(archive_dev.o)
 .text.archive_utf16path
                0x0000000000117378      0x25c C:/devkitPro/libctru/lib\libctru.a(archive_dev.o)
 .text._archiveUnmountDeviceStruct.part.0
                0x00000000001175d4       0xa0 C:/devkitPro/libctru/lib\libctru.a(archive_dev.o)
 .text.archive_fchmod
                0x0000000000117674       0x14 C:/devkitPro/libctru/lib\libctru.a(archive_dev.o)
 .text.archive_statvfs
                0x0000000000117688       0x14 C:/devkitPro/libctru/lib\libctru.a(archive_dev.o)
 .text._archiveMountDevice
                0x000000000011769c      0x164 C:/devkitPro/libctru/lib\libctru.a(archive_dev.o)
 .text.archive_diropen
                0x0000000000117800       0xe8 C:/devkitPro/libctru/lib\libctru.a(archive_dev.o)
 .text.archive_fstat
                0x00000000001178e8       0xa4 C:/devkitPro/libctru/lib\libctru.a(archive_dev.o)
 .text.archive_close
                0x000000000011798c       0x6c C:/devkitPro/libctru/lib\libctru.a(archive_dev.o)
 .text.archive_fsync
                0x00000000001179f8       0x6c C:/devkitPro/libctru/lib\libctru.a(archive_dev.o)
 .text.archive_dirclose
                0x0000000000117a64       0x70 C:/devkitPro/libctru/lib\libctru.a(archive_dev.o)
 .text.sdmc_statvfs
                0x0000000000117ad4       0xe8 C:/devkitPro/libctru/lib\libctru.a(archive_dev.o)
 .text.archive_chdir
                0x0000000000117bbc       0xec C:/devkitPro/libctru/lib\libctru.a(archive_dev.o)
 .text.archive_ftruncate
                0x0000000000117ca8       0x7c C:/devkitPro/libctru/lib\libctru.a(archive_dev.o)
 .text.archive_read
                0x0000000000117d24       0xac C:/devkitPro/libctru/lib\libctru.a(archive_dev.o)
 .text.archive_unlink
                0x0000000000117dd0       0xa4 C:/devkitPro/libctru/lib\libctru.a(archive_dev.o)
 .text.archive_rmdir
                0x0000000000117e74       0xbc C:/devkitPro/libctru/lib\libctru.a(archive_dev.o)
 .text.archive_mkdir
                0x0000000000117f30       0xdc C:/devkitPro/libctru/lib\libctru.a(archive_dev.o)
 .text.archive_stat
                0x000000000011800c      0x19c C:/devkitPro/libctru/lib\libctru.a(archive_dev.o)
 .text.archive_dirnext
                0x00000000001181a8      0x15c C:/devkitPro/libctru/lib\libctru.a(archive_dev.o)
 .text.archive_write
                0x0000000000118304       0xec C:/devkitPro/libctru/lib\libctru.a(archive_dev.o)
 .text.archive_open
                0x00000000001183f0      0x1d4 C:/devkitPro/libctru/lib\libctru.a(archive_dev.o)
 .text.archive_rename
                0x00000000001185c4      0x278 C:/devkitPro/libctru/lib\libctru.a(archive_dev.o)
 .text.archiveMountSdmc
                0x000000000011883c      0x19c C:/devkitPro/libctru/lib\libctru.a(archive_dev.o)
                0x000000000011883c                archiveMountSdmc
 .text.archiveUnmountAll
                0x00000000001189d8       0x54 C:/devkitPro/libctru/lib\libctru.a(archive_dev.o)
                0x00000000001189d8                archiveUnmountAll
 *fill*         0x0000000000118a2c        0x4 
 .text.cosf     0x0000000000118a30      0x22c c:/devkitpro/devkitarm/bin/../lib/gcc/arm-none-eabi/12.1.0/../../../../arm-none-eabi/lib/armv6k/fpu\libm.a(lib_a-cosf.o)
                0x0000000000118a30                cosf
 .text.with_errnof
                0x0000000000118c5c       0x24 c:/devkitpro/devkitarm/bin/../lib/gcc/arm-none-eabi/12.1.0/../../../../arm-none-eabi/lib/armv6k/fpu\libm.a(lib_a-math_errf.o)
 .text.__math_invalidf
                0x0000000000118c80       0x1c c:/devkitpro/devkitarm/bin/../lib/gcc/arm-none-eabi/12.1.0/../../../../arm-none-eabi/lib/armv6k/fpu\libm.a(lib_a-math_errf.o)
                0x0000000000118c80                __math_invalidf
 .text.ceilf    0x0000000000118c9c       0xb8 c:/devkitpro/devkitarm/bin/../lib/gcc/arm-none-eabi/12.1.0/../../../../arm-none-eabi/lib/armv6k/fpu\libm.a(lib_a-sf_ceil.o)
                0x0000000000118c9c                ceilf
 *fill*         0x0000000000118d54        0x4 
 .text.sinf     0x0000000000118d58      0x24c c:/devkitpro/devkitarm/bin/../lib/gcc/arm-none-eabi/12.1.0/../../../../arm-none-eabi/lib/armv6k/fpu\libm.a(lib_a-sinf.o)
                0x0000000000118d58                sinf
 .text.__udivmoddi4
                0x0000000000118fa4      0x120 c:/devkitpro/devkitarm/bin/../lib/gcc/arm-none-eabi/12.1.0/armv6k/fpu\libgcc.a(_udivmoddi4.o)
                0x0000000000118fa4                __udivmoddi4
 .text.atof     0x00000000001190c4        0x8 c:/devkitpro/devkitarm/bin/../lib/gcc/arm-none-eabi/12.1.0/../../../../arm-none-eabi/lib/armv6k/fpu\libg.a(lib_a-atof.o)
                0x00000000001190c4                atof
 .text.bsearch  0x00000000001190cc       0x78 c:/devkitpro/devkitarm/bin/../lib/gcc/arm-none-eabi/12.1.0/../../../../arm-none-eabi/lib/armv6k/fpu\libg.a(lib_a-bsearch.o)
                0x00000000001190cc                bsearch
 .text.calloc   0x0000000000119144       0x20 c:/devkitpro/devkitarm/bin/../lib/gcc/arm-none-eabi/12.1.0/../../../../arm-none-eabi/lib/armv6k/fpu\libg.a(lib_a-calloc.o)
                0x0000000000119144                calloc
 .text._calloc_r
                0x0000000000119164       0xc0 c:/devkitpro/devkitarm/bin/../lib/gcc/arm-none-eabi/12.1.0/../../../../arm-none-eabi/lib/armv6k/fpu\libg.a(lib_a-callocr.o)
                0x0000000000119164                _calloc_r
 .text.__errno  0x0000000000119224        0xc c:/devkitpro/devkitarm/bin/../lib/gcc/arm-none-eabi/12.1.0/../../../../arm-none-eabi/lib/armv6k/fpu\libg.a(lib_a-errno.o)
                0x0000000000119224                __errno
 .text.exit     0x0000000000119230       0x34 c:/devkitpro/devkitarm/bin/../lib/gcc/arm-none-eabi/12.1.0/../../../../arm-none-eabi/lib/armv6k/fpu\libg.a(lib_a-exit.o)
                0x0000000000119230                exit
 .text._fclose_r
                0x0000000000119264      0x15c c:/devkitpro/devkitarm/bin/../lib/gcc/arm-none-eabi/12.1.0/../../../../arm-none-eabi/lib/armv6k/fpu\libg.a(lib_a-fclose.o)
                0x0000000000119264                _fclose_r
 .text.fclose   0x00000000001193c0       0x18 c:/devkitpro/devkitarm/bin/../lib/gcc/arm-none-eabi/12.1.0/../../../../arm-none-eabi/lib/armv6k/fpu\libg.a(lib_a-fclose.o)
                0x00000000001193c0                fclose
 .text.__sflush_r
                0x00000000001193d8      0x234 c:/devkitpro/devkitarm/bin/../lib/gcc/arm-none-eabi/12.1.0/../../../../arm-none-eabi/lib/armv6k/fpu\libg.a(lib_a-fflush.o)
                0x00000000001193d8                __sflush_r
 .text._fflush_r
                0x000000000011960c       0x94 c:/devkitpro/devkitarm/bin/../lib/gcc/arm-none-eabi/12.1.0/../../../../arm-none-eabi/lib/armv6k/fpu\libg.a(lib_a-fflush.o)
                0x000000000011960c                _fflush_r
 .text.fflush   0x00000000001196a0       0x38 c:/devkitpro/devkitarm/bin/../lib/gcc/arm-none-eabi/12.1.0/../../../../arm-none-eabi/lib/armv6k/fpu\libg.a(lib_a-fflush.o)
                0x00000000001196a0                fflush
 .text._cleanup_r
                0x00000000001196d8        0xc c:/devkitpro/devkitarm/bin/../lib/gcc/arm-none-eabi/12.1.0/../../../../arm-none-eabi/lib/armv6k/fpu\libg.a(lib_a-findfp.o)
                0x00000000001196d8                _cleanup_r
 .text.__sinit  0x00000000001196e4      0x184 c:/devkitpro/devkitarm/bin/../lib/gcc/arm-none-eabi/12.1.0/../../../../arm-none-eabi/lib/armv6k/fpu\libg.a(lib_a-findfp.o)
                0x00000000001196e4                __sinit
 .text.__sfp    0x0000000000119868      0x134 c:/devkitpro/devkitarm/bin/../lib/gcc/arm-none-eabi/12.1.0/../../../../arm-none-eabi/lib/armv6k/fpu\libg.a(lib_a-findfp.o)
                0x0000000000119868                __sfp
 .text.__sfp_lock_acquire
                0x000000000011999c        0xc c:/devkitpro/devkitarm/bin/../lib/gcc/arm-none-eabi/12.1.0/../../../../arm-none-eabi/lib/armv6k/fpu\libg.a(lib_a-findfp.o)
                0x000000000011999c                __sfp_lock_acquire
 .text.__sfp_lock_release
                0x00000000001199a8        0xc c:/devkitpro/devkitarm/bin/../lib/gcc/arm-none-eabi/12.1.0/../../../../arm-none-eabi/lib/armv6k/fpu\libg.a(lib_a-findfp.o)
                0x00000000001199a8                __sfp_lock_release
 .text.__libc_fini_array
                0x00000000001199b4       0x3c c:/devkitpro/devkitarm/bin/../lib/gcc/arm-none-eabi/12.1.0/../../../../arm-none-eabi/lib/armv6k/fpu\libg.a(lib_a-fini.o)
                0x00000000001199b4                __libc_fini_array
 .text._fopen_r
                0x00000000001199f0      0x134 c:/devkitpro/devkitarm/bin/../lib/gcc/arm-none-eabi/12.1.0/../../../../arm-none-eabi/lib/armv6k/fpu\libg.a(lib_a-fopen.o)
                0x00000000001199f0                _fopen_r
 .text.fopen    0x0000000000119b24       0x20 c:/devkitpro/devkitarm/bin/../lib/gcc/arm-none-eabi/12.1.0/../../../../arm-none-eabi/lib/armv6k/fpu\libg.a(lib_a-fopen.o)
                0x0000000000119b24                fopen
 .text._fread_r
                0x0000000000119b44      0x2d0 c:/devkitpro/devkitarm/bin/../lib/gcc/arm-none-eabi/12.1.0/../../../../arm-none-eabi/lib/armv6k/fpu\libg.a(lib_a-fread.o)
                0x0000000000119b44                _fread_r
 .text.fread    0x0000000000119e14       0x38 c:/devkitpro/devkitarm/bin/../lib/gcc/arm-none-eabi/12.1.0/../../../../arm-none-eabi/lib/armv6k/fpu\libg.a(lib_a-fread.o)
                0x0000000000119e14                fread
 .text._malloc_trim_r
                0x0000000000119e4c       0xf8 c:/devkitpro/devkitarm/bin/../lib/gcc/arm-none-eabi/12.1.0/../../../../arm-none-eabi/lib/armv6k/fpu\libg.a(lib_a-freer.o)
                0x0000000000119e4c                _malloc_trim_r
 .text._free_r  0x0000000000119f44      0x2e8 c:/devkitpro/devkitarm/bin/../lib/gcc/arm-none-eabi/12.1.0/../../../../arm-none-eabi/lib/armv6k/fpu\libg.a(lib_a-freer.o)
                0x0000000000119f44                _free_r
 .text._fseek_r
                0x000000000011a22c       0x1c c:/devkitpro/devkitarm/bin/../lib/gcc/arm-none-eabi/12.1.0/../../../../arm-none-eabi/lib/armv6k/fpu\libg.a(lib_a-fseek.o)
                0x000000000011a22c                _fseek_r
 .text._fseeko_r
                0x000000000011a248      0x590 c:/devkitpro/devkitarm/bin/../lib/gcc/arm-none-eabi/12.1.0/../../../../arm-none-eabi/lib/armv6k/fpu\libg.a(lib_a-fseeko.o)
                0x000000000011a248                _fseeko_r
 .text._fwalk   0x000000000011a7d8       0x68 c:/devkitpro/devkitarm/bin/../lib/gcc/arm-none-eabi/12.1.0/../../../../arm-none-eabi/lib/armv6k/fpu\libg.a(lib_a-fwalk.o)
                0x000000000011a7d8                _fwalk
 .text._fwalk_reent
                0x000000000011a840       0x70 c:/devkitpro/devkitarm/bin/../lib/gcc/arm-none-eabi/12.1.0/../../../../arm-none-eabi/lib/armv6k/fpu\libg.a(lib_a-fwalk.o)
                0x000000000011a840                _fwalk_reent
 .text.__libc_init_array
                0x000000000011a8b0       0x84 c:/devkitpro/devkitarm/bin/../lib/gcc/arm-none-eabi/12.1.0/../../../../arm-none-eabi/lib/armv6k/fpu\libg.a(lib_a-init.o)
                0x000000000011a8b0                __libc_init_array
 .text.__smakebuf_r
                0x000000000011a934      0x138 c:/devkitpro/devkitarm/bin/../lib/gcc/arm-none-eabi/12.1.0/../../../../arm-none-eabi/lib/armv6k/fpu\libg.a(lib_a-makebuf.o)
                0x000000000011a934                __smakebuf_r
 .text.__swhatbuf_r
                0x000000000011aa6c       0x8c c:/devkitpro/devkitarm/bin/../lib/gcc/arm-none-eabi/12.1.0/../../../../arm-none-eabi/lib/armv6k/fpu\libg.a(lib_a-makebuf.o)
                0x000000000011aa6c                __swhatbuf_r
 .text.memalign
                0x000000000011aaf8       0x20 c:/devkitpro/devkitarm/bin/../lib/gcc/arm-none-eabi/12.1.0/../../../../arm-none-eabi/lib/armv6k/fpu\libg.a(lib_a-malign.o)
                0x000000000011aaf8                memalign
 .text._memalign_r
                0x000000000011ab18      0x14c c:/devkitpro/devkitarm/bin/../lib/gcc/arm-none-eabi/12.1.0/../../../../arm-none-eabi/lib/armv6k/fpu\libg.a(lib_a-malignr.o)
                0x000000000011ab18                _memalign_r
 .text.malloc   0x000000000011ac64       0x18 c:/devkitpro/devkitarm/bin/../lib/gcc/arm-none-eabi/12.1.0/../../../../arm-none-eabi/lib/armv6k/fpu\libg.a(lib_a-malloc.o)
                0x000000000011ac64                malloc
 .text.free     0x000000000011ac7c       0x18 c:/devkitpro/devkitarm/bin/../lib/gcc/arm-none-eabi/12.1.0/../../../../arm-none-eabi/lib/armv6k/fpu\libg.a(lib_a-malloc.o)
                0x000000000011ac7c                free
 .text._malloc_r
                0x000000000011ac94      0x7e4 c:/devkitpro/devkitarm/bin/../lib/gcc/arm-none-eabi/12.1.0/../../../../arm-none-eabi/lib/armv6k/fpu\libg.a(lib_a-mallocr.o)
                0x000000000011ac94                _malloc_r
 .text.memcmp   0x000000000011b478       0xb0 c:/devkitpro/devkitarm/bin/../lib/gcc/arm-none-eabi/12.1.0/../../../../arm-none-eabi/lib/armv6k/fpu\libg.a(lib_a-memcmp.o)
                0x000000000011b478                memcmp
 .text.memcpy   0x000000000011b528      0x118 c:/devkitpro/devkitarm/bin/../lib/gcc/arm-none-eabi/12.1.0/../../../../arm-none-eabi/lib/armv6k/fpu\libg.a(lib_a-memcpy-stub.o)
                0x000000000011b528                memcpy
 .text.memmove  0x000000000011b640      0x150 c:/devkitpro/devkitarm/bin/../lib/gcc/arm-none-eabi/12.1.0/../../../../arm-none-eabi/lib/armv6k/fpu\libg.a(lib_a-memmove.o)
                0x000000000011b640                memmove
 .text.memset   0x000000000011b790       0xf4 c:/devkitpro/devkitarm/bin/../lib/gcc/arm-none-eabi/12.1.0/../../../../arm-none-eabi/lib/armv6k/fpu\libg.a(lib_a-memset.o)
                0x000000000011b790                memset
 .text.__malloc_lock
                0x000000000011b884        0xc c:/devkitpro/devkitarm/bin/../lib/gcc/arm-none-eabi/12.1.0/../../../../arm-none-eabi/lib/armv6k/fpu\libg.a(lib_a-mlock.o)
                0x000000000011b884                __malloc_lock
 .text.__malloc_unlock
                0x000000000011b890        0xc c:/devkitpro/devkitarm/bin/../lib/gcc/arm-none-eabi/12.1.0/../../../../arm-none-eabi/lib/armv6k/fpu\libg.a(lib_a-mlock.o)
                0x000000000011b890                __malloc_unlock
 .text.printf   0x000000000011b89c       0x34 c:/devkitpro/devkitarm/bin/../lib/gcc/arm-none-eabi/12.1.0/../../../../arm-none-eabi/lib/armv6k/fpu\libg.a(lib_a-printf.o)
                0x000000000011b89c                printf
 .text._puts_r  0x000000000011b8d0       0xe0 c:/devkitpro/devkitarm/bin/../lib/gcc/arm-none-eabi/12.1.0/../../../../arm-none-eabi/lib/armv6k/fpu\libg.a(lib_a-puts.o)
                0x000000000011b8d0                _puts_r
 .text.puts     0x000000000011b9b0       0x18 c:/devkitpro/devkitarm/bin/../lib/gcc/arm-none-eabi/12.1.0/../../../../arm-none-eabi/lib/armv6k/fpu\libg.a(lib_a-puts.o)
                0x000000000011b9b0                puts
 .text.qsort    0x000000000011b9c8      0xa04 c:/devkitpro/devkitarm/bin/../lib/gcc/arm-none-eabi/12.1.0/../../../../arm-none-eabi/lib/armv6k/fpu\libg.a(lib_a-qsort.o)
                0x000000000011b9c8                qsort
 .text._realloc_r
                0x000000000011c3cc      0x4a0 c:/devkitpro/devkitarm/bin/../lib/gcc/arm-none-eabi/12.1.0/../../../../arm-none-eabi/lib/armv6k/fpu\libg.a(lib_a-reallocr.o)
                0x000000000011c3cc                _realloc_r
 .text.lflush   0x000000000011c86c       0x1c c:/devkitpro/devkitarm/bin/../lib/gcc/arm-none-eabi/12.1.0/../../../../arm-none-eabi/lib/armv6k/fpu\libg.a(lib_a-refill.o)
 .text.__srefill_r
                0x000000000011c888      0x198 c:/devkitpro/devkitarm/bin/../lib/gcc/arm-none-eabi/12.1.0/../../../../arm-none-eabi/lib/armv6k/fpu\libg.a(lib_a-refill.o)
                0x000000000011c888                __srefill_r
 .text.setvbuf  0x000000000011ca20      0x25c c:/devkitpro/devkitarm/bin/../lib/gcc/arm-none-eabi/12.1.0/../../../../arm-none-eabi/lib/armv6k/fpu\libg.a(lib_a-setvbuf.o)
                0x000000000011ca20                setvbuf
 .text.sprintf  0x000000000011cc7c       0x64 c:/devkitpro/devkitarm/bin/../lib/gcc/arm-none-eabi/12.1.0/../../../../arm-none-eabi/lib/armv6k/fpu\libg.a(lib_a-sprintf.o)
                0x000000000011cc7c                sprintf
 .text.__sread  0x000000000011cce0       0x44 c:/devkitpro/devkitarm/bin/../lib/gcc/arm-none-eabi/12.1.0/../../../../arm-none-eabi/lib/armv6k/fpu\libg.a(lib_a-stdio.o)
                0x000000000011cce0                __sread
 .text.__swrite
                0x000000000011cd24       0x68 c:/devkitpro/devkitarm/bin/../lib/gcc/arm-none-eabi/12.1.0/../../../../arm-none-eabi/lib/armv6k/fpu\libg.a(lib_a-stdio.o)
                0x000000000011cd24                __swrite
 .text.__sseek  0x000000000011cd8c       0x44 c:/devkitpro/devkitarm/bin/../lib/gcc/arm-none-eabi/12.1.0/../../../../arm-none-eabi/lib/armv6k/fpu\libg.a(lib_a-stdio.o)
                0x000000000011cd8c                __sseek
 .text.__sclose
                0x000000000011cdd0        0x8 c:/devkitpro/devkitarm/bin/../lib/gcc/arm-none-eabi/12.1.0/../../../../arm-none-eabi/lib/armv6k/fpu\libg.a(lib_a-stdio.o)
                0x000000000011cdd0                __sclose
 .text.stpcpy   0x000000000011cdd8       0x70 c:/devkitpro/devkitarm/bin/../lib/gcc/arm-none-eabi/12.1.0/../../../../arm-none-eabi/lib/armv6k/fpu\libg.a(lib_a-stpcpy.o)
                0x000000000011cdd8                stpcpy
 .text.strcat   0x000000000011ce48       0x70 c:/devkitpro/devkitarm/bin/../lib/gcc/arm-none-eabi/12.1.0/../../../../arm-none-eabi/lib/armv6k/fpu\libg.a(lib_a-strcat.o)
                0x000000000011ce48                strcat
 .text.strchr   0x000000000011ceb8      0x130 c:/devkitpro/devkitarm/bin/../lib/gcc/arm-none-eabi/12.1.0/../../../../arm-none-eabi/lib/armv6k/fpu\libg.a(lib_a-strchr.o)
                0x000000000011ceb8                strchr
 .text.strcpy   0x000000000011cfe8       0xf0 c:/devkitpro/devkitarm/bin/../lib/gcc/arm-none-eabi/12.1.0/../../../../arm-none-eabi/lib/armv6k/fpu\libg.a(lib_a-strcpy.o)
                0x000000000011cfe8                strcpy
 .text.strdup   0x000000000011d0d8       0x18 c:/devkitpro/devkitarm/bin/../lib/gcc/arm-none-eabi/12.1.0/../../../../arm-none-eabi/lib/armv6k/fpu\libg.a(lib_a-strdup.o)
                0x000000000011d0d8                strdup
 .text._strdup_r
                0x000000000011d0f0       0x44 c:/devkitpro/devkitarm/bin/../lib/gcc/arm-none-eabi/12.1.0/../../../../arm-none-eabi/lib/armv6k/fpu\libg.a(lib_a-strdup_r.o)
                0x000000000011d0f0                _strdup_r
 .text.strlen   0x000000000011d134       0x5c c:/devkitpro/devkitarm/bin/../lib/gcc/arm-none-eabi/12.1.0/../../../../arm-none-eabi/lib/armv6k/fpu\libg.a(lib_a-strlen-stub.o)
                0x000000000011d134                strlen
 .text.strncat  0x000000000011d190       0xe4 c:/devkitpro/devkitarm/bin/../lib/gcc/arm-none-eabi/12.1.0/../../../../arm-none-eabi/lib/armv6k/fpu\libg.a(lib_a-strncat.o)
                0x000000000011d190                strncat
 .text.strncmp  0x000000000011d274       0xe4 c:/devkitpro/devkitarm/bin/../lib/gcc/arm-none-eabi/12.1.0/../../../../arm-none-eabi/lib/armv6k/fpu\libg.a(lib_a-strncmp.o)